Archive member included to satisfy reference by file (symbol)

/Users/xzhu/.pico-sdk/toolchain/15_2_Rel1/bin/../lib/gcc/arm-none-eabi/15.2.1/thumb/v8-m.main+fp/softfp/libgcc.a(_arm_addsubdf3.o)
                              CMakeFiles/VGA_Animation_Demo.dir/animation.c.o (__aeabi_f2d)
/Users/xzhu/.pico-sdk/toolchain/15_2_Rel1/bin/../lib/gcc/arm-none-eabi/15.2.1/thumb/v8-m.main+fp/softfp/libgcc.a(_aeabi_ldivmod.o)
                              CMakeFiles/VGA_Animation_Demo.dir/Users/xzhu/.pico-sdk/sdk/2.3.1/src/common/pico_time/time.c.o (__aeabi_ldivmod)
/Users/xzhu/.pico-sdk/toolchain/15_2_Rel1/bin/../lib/gcc/arm-none-eabi/15.2.1/thumb/v8-m.main+fp/softfp/libgcc.a(_aeabi_uldivmod.o)
                              CMakeFiles/VGA_Animation_Demo.dir/Users/xzhu/.pico-sdk/sdk/2.3.1/src/rp2_common/hardware_clocks/clocks.c.o (__aeabi_uldivmod)
/Users/xzhu/.pico-sdk/toolchain/15_2_Rel1/bin/../lib/gcc/arm-none-eabi/15.2.1/thumb/v8-m.main+fp/softfp/libgcc.a(_udivmoddi4.o)
                              /Users/xzhu/.pico-sdk/toolchain/15_2_Rel1/bin/../lib/gcc/arm-none-eabi/15.2.1/thumb/v8-m.main+fp/softfp/libgcc.a(_aeabi_ldivmod.o) (__udivmoddi4)
/Users/xzhu/.pico-sdk/toolchain/15_2_Rel1/bin/../lib/gcc/arm-none-eabi/15.2.1/thumb/v8-m.main+fp/softfp/libgcc.a(_dvmd_tls.o)
                              /Users/xzhu/.pico-sdk/toolchain/15_2_Rel1/bin/../lib/gcc/arm-none-eabi/15.2.1/thumb/v8-m.main+fp/softfp/libgcc.a(_aeabi_ldivmod.o) (__aeabi_ldiv0)
/Users/xzhu/.pico-sdk/toolchain/15_2_Rel1/bin/../lib/gcc/arm-none-eabi/15.2.1/../../../../arm-none-eabi/lib/thumb/v8-m.main+fp/softfp/libg.a(libc_a-calloc.o)
                              CMakeFiles/VGA_Animation_Demo.dir/Users/xzhu/.pico-sdk/sdk/2.3.1/src/rp2_common/pico_malloc/malloc.c.o (calloc)
/Users/xzhu/.pico-sdk/toolchain/15_2_Rel1/bin/../lib/gcc/arm-none-eabi/15.2.1/../../../../arm-none-eabi/lib/thumb/v8-m.main+fp/softfp/libg.a(libc_a-callocr.o)
                              /Users/xzhu/.pico-sdk/toolchain/15_2_Rel1/bin/../lib/gcc/arm-none-eabi/15.2.1/../../../../arm-none-eabi/lib/thumb/v8-m.main+fp/softfp/libg.a(libc_a-calloc.o) (_calloc_r)
/Users/xzhu/.pico-sdk/toolchain/15_2_Rel1/bin/../lib/gcc/arm-none-eabi/15.2.1/../../../../arm-none-eabi/lib/thumb/v8-m.main+fp/softfp/libg.a(libc_a-malloc.o)
                              CMakeFiles/VGA_Animation_Demo.dir/Users/xzhu/.pico-sdk/sdk/2.3.1/src/rp2_common/pico_malloc/malloc.c.o (malloc)
/Users/xzhu/.pico-sdk/toolchain/15_2_Rel1/bin/../lib/gcc/arm-none-eabi/15.2.1/../../../../arm-none-eabi/lib/thumb/v8-m.main+fp/softfp/libg.a(libc_a-mallocr.o)
                              /Users/xzhu/.pico-sdk/toolchain/15_2_Rel1/bin/../lib/gcc/arm-none-eabi/15.2.1/../../../../arm-none-eabi/lib/thumb/v8-m.main+fp/softfp/libg.a(libc_a-callocr.o) (_malloc_r)
/Users/xzhu/.pico-sdk/toolchain/15_2_Rel1/bin/../lib/gcc/arm-none-eabi/15.2.1/../../../../arm-none-eabi/lib/thumb/v8-m.main+fp/softfp/libg.a(libc_a-mlock.o)
                              /Users/xzhu/.pico-sdk/toolchain/15_2_Rel1/bin/../lib/gcc/arm-none-eabi/15.2.1/../../../../arm-none-eabi/lib/thumb/v8-m.main+fp/softfp/libg.a(libc_a-mallocr.o) (__malloc_lock)
/Users/xzhu/.pico-sdk/toolchain/15_2_Rel1/bin/../lib/gcc/arm-none-eabi/15.2.1/../../../../arm-none-eabi/lib/thumb/v8-m.main+fp/softfp/libg.a(libc_a-rand.o)
                              CMakeFiles/VGA_Animation_Demo.dir/animation.c.o (srand)
/Users/xzhu/.pico-sdk/toolchain/15_2_Rel1/bin/../lib/gcc/arm-none-eabi/15.2.1/../../../../arm-none-eabi/lib/thumb/v8-m.main+fp/softfp/libg.a(libc_a-realloc.o)
                              CMakeFiles/VGA_Animation_Demo.dir/Users/xzhu/.pico-sdk/sdk/2.3.1/src/rp2_common/pico_malloc/malloc.c.o (realloc)
/Users/xzhu/.pico-sdk/toolchain/15_2_Rel1/bin/../lib/gcc/arm-none-eabi/15.2.1/../../../../arm-none-eabi/lib/thumb/v8-m.main+fp/softfp/libg.a(libc_a-reallocr.o)
                              /Users/xzhu/.pico-sdk/toolchain/15_2_Rel1/bin/../lib/gcc/arm-none-eabi/15.2.1/../../../../arm-none-eabi/lib/thumb/v8-m.main+fp/softfp/libg.a(libc_a-realloc.o) (_realloc_r)
/Users/xzhu/.pico-sdk/toolchain/15_2_Rel1/bin/../lib/gcc/arm-none-eabi/15.2.1/../../../../arm-none-eabi/lib/thumb/v8-m.main+fp/softfp/libg.a(libc_a-memcmp.o)
                              CMakeFiles/VGA_Animation_Demo.dir/Users/xzhu/.pico-sdk/sdk/2.3.1/src/rp2_common/pico_atomic/atomic.c.o (memcmp)
/Users/xzhu/.pico-sdk/toolchain/15_2_Rel1/bin/../lib/gcc/arm-none-eabi/15.2.1/../../../../arm-none-eabi/lib/thumb/v8-m.main+fp/softfp/libg.a(libc_a-memmove.o)
                              /Users/xzhu/.pico-sdk/toolchain/15_2_Rel1/bin/../lib/gcc/arm-none-eabi/15.2.1/../../../../arm-none-eabi/lib/thumb/v8-m.main+fp/softfp/libg.a(libc_a-reallocr.o) (memmove)
/Users/xzhu/.pico-sdk/toolchain/15_2_Rel1/bin/../lib/gcc/arm-none-eabi/15.2.1/../../../../arm-none-eabi/lib/thumb/v8-m.main+fp/softfp/libg.a(libc_a-memset.o)
                              CMakeFiles/VGA_Animation_Demo.dir/VGA/vga16_graphics_v3.c.o (memset)
[...]
Memory Configuration

Name             Origin             Length             Attributes
FLASH            0x10000000         0x00400000         xr
PSRAM            0x11000000         0x00000000         xrw
XIP_RAM          0x13ffc000         0x00004000         xrw
RAM              0x20000000         0x00080000         xrw
SCRATCH_X        0x20080000         0x00001000         xrw
SCRATCH_Y        0x20081000         0x00001000         xrw
*default*        0x00000000         0xffffffff

Linker script and memory map

                0x20000000                        RAM_ORIGIN_DEFAULT = 0x20000000
                0x00080000                        RAM_LENGTH_DEFAULT = 0x80000
                0x20080000                        SCRATCH_X_ORIGIN_DEFAULT = 0x20080000
                0x00001000                        SCRATCH_X_LENGTH_DEFAULT = 0x1000
                0x20081000                        SCRATCH_Y_ORIGIN_DEFAULT = 0x20081000
                0x00001000                        SCRATCH_Y_LENGTH_DEFAULT = 0x1000
                0x13ffc000                        XIP_RAM_ORIGIN_DEFAULT = 0x13ffc000
                0x00004000                        XIP_RAM_LENGTH_DEFAULT = 0x4000
LOAD CMakeFiles/VGA_Animation_Demo.dir/animation.c.o
LOAD CMakeFiles/VGA_Animation_Demo.dir/VGA/vga16_graphics_v3.c.o
LOAD CMakeFiles/VGA_Animation_Demo.dir/Users/xzhu/.pico-sdk/sdk/2.3.1/src/rp2_common/pico_stdlib/stdlib.c.o
LOAD CMakeFiles/VGA_Animation_Demo.dir/Users/xzhu/.pico-sdk/sdk/2.3.1/src/rp2_common/hardware_gpio/gpio.c.o
LOAD CMakeFiles/VGA_Animation_Demo.dir/Users/xzhu/.pico-sdk/sdk/2.3.1/src/rp2350/pico_platform/platform.c.o
LOAD CMakeFiles/VGA_Animation_Demo.dir/Users/xzhu/.pico-sdk/sdk/2.3.1/src/rp2_common/pico_platform_common/common.c.o
LOAD CMakeFiles/VGA_Animation_Demo.dir/Users/xzhu/.pico-sdk/sdk/2.3.1/src/rp2_common/pico_platform_panic/panic.c.o
LOAD CMakeFiles/VGA_Animation_Demo.dir/Users/xzhu/.pico-sdk/sdk/2.3.1/src/rp2_common/pico_platform_panic/custom_panic_function.S.o
LOAD CMakeFiles/VGA_Animation_Demo.dir/Users/xzhu/.pico-sdk/sdk/2.3.1/src/common/hardware_claim/claim.c.o
LOAD CMakeFiles/VGA_Animation_Demo.dir/Users/xzhu/.pico-sdk/sdk/2.3.1/src/rp2_common/hardware_sync/sync.c.o
LOAD CMakeFiles/VGA_Animation_Demo.dir/Users/xzhu/.pico-sdk/sdk/2.3.1/src/rp2_common/hardware_sync_spin_lock/sync_spin_lock.c.o
LOAD CMakeFiles/VGA_Animation_Demo.dir/Users/xzhu/.pico-sdk/sdk/2.3.1/src/rp2_common/hardware_irq/irq.c.o
LOAD CMakeFiles/VGA_Animation_Demo.dir/Users/xzhu/.pico-sdk/sdk/2.3.1/src/rp2_common/hardware_irq/irq_handler_chain.S.o
LOAD CMakeFiles/VGA_Animation_Demo.dir/Users/xzhu/.pico-sdk/sdk/2.3.1/src/common/pico_sync/sem.c.o
LOAD CMakeFiles/VGA_Animation_Demo.dir/Users/xzhu/.pico-sdk/sdk/2.3.1/src/common/pico_sync/lock_core.c.o
LOAD CMakeFiles/VGA_Animation_Demo.dir/Users/xzhu/.pico-sdk/sdk/2.3.1/src/common/pico_sync/mutex.c.o
LOAD CMakeFiles/VGA_Animation_Demo.dir/Users/xzhu/.pico-sdk/sdk/2.3.1/src/common/pico_sync/critical_section.c.o
LOAD CMakeFiles/VGA_Animation_Demo.dir/Users/xzhu/.pico-sdk/sdk/2.3.1/src/common/pico_time/time.c.o
LOAD CMakeFiles/VGA_Animation_Demo.dir/Users/xzhu/.pico-sdk/sdk/2.3.1/src/common/pico_time/timeout_helper.c.o
LOAD CMakeFiles/VGA_Animation_Demo.dir/Users/xzhu/.pico-sdk/sdk/2.3.1/src/rp2_common/hardware_timer/timer.c.o
LOAD CMakeFiles/VGA_Animation_Demo.dir/Users/xzhu/.pico-sdk/sdk/2.3.1/src/common/pico_util/datetime.c.o
LOAD CMakeFiles/VGA_Animation_Demo.dir/Users/xzhu/.pico-sdk/sdk/2.3.1/src/common/pico_util/fixed_bitset.c.o
LOAD CMakeFiles/VGA_Animation_Demo.dir/Users/xzhu/.pico-sdk/sdk/2.3.1/src/common/pico_util/pheap.c.o
LOAD CMakeFiles/VGA_Animation_Demo.dir/Users/xzhu/.pico-sdk/sdk/2.3.1/src/common/pico_util/queue.c.o
LOAD CMakeFiles/VGA_Animation_Demo.dir/Users/xzhu/.pico-sdk/sdk/2.3.1/src/rp2_common/hardware_uart/uart.c.o
LOAD CMakeFiles/VGA_Animation_Demo.dir/Users/xzhu/.pico-sdk/sdk/2.3.1/src/rp2_common/hardware_clocks/clocks.c.o
LOAD CMakeFiles/VGA_Animation_Demo.dir/Users/xzhu/.pico-sdk/sdk/2.3.1/src/rp2_common/hardware_pll/pll.c.o
LOAD CMakeFiles/VGA_Animation_Demo.dir/Users/xzhu/.pico-sdk/sdk/2.3.1/src/rp2_common/hardware_vreg/vreg.c.o
LOAD CMakeFiles/VGA_Animation_Demo.dir/Users/xzhu/.pico-sdk/sdk/2.3.1/src/rp2_common/hardware_watchdog/watchdog.c.o
LOAD CMakeFiles/VGA_Animation_Demo.dir/Users/xzhu/.pico-sdk/sdk/2.3.1/src/rp2_common/hardware_ticks/ticks.c.o
LOAD CMakeFiles/VGA_Animation_Demo.dir/Users/xzhu/.pico-sdk/sdk/2.3.1/src/rp2_common/pico_bootrom/bootrom.c.o
LOAD CMakeFiles/VGA_Animation_Demo.dir/Users/xzhu/.pico-sdk/sdk/2.3.1/src/rp2_common/pico_bootrom/bootrom_lock.c.o
LOAD CMakeFiles/VGA_Animation_Demo.dir/Users/xzhu/.pico-sdk/sdk/2.3.1/src/rp2_common/hardware_boot_lock/boot_lock.c.o
LOAD CMakeFiles/VGA_Animation_Demo.dir/Users/xzhu/.pico-sdk/sdk/2.3.1/src/rp2_common/pico_flash/flash.c.o
LOAD CMakeFiles/VGA_Animation_Demo.dir/Users/xzhu/.pico-sdk/sdk/2.3.1/src/rp2_common/hardware_xosc/xosc.c.o
LOAD CMakeFiles/VGA_Animation_Demo.dir/Users/xzhu/.pico-sdk/sdk/2.3.1/src/rp2_common/hardware_divider/divider.c.o
LOAD CMakeFiles/VGA_Animation_Demo.dir/Users/xzhu/.pico-sdk/sdk/2.3.1/src/rp2_common/pico_runtime/runtime.c.o
LOAD CMakeFiles/VGA_Animation_Demo.dir/Users/xzhu/.pico-sdk/sdk/2.3.1/src/rp2_common/pico_runtime_init/runtime_init.c.o
LOAD CMakeFiles/VGA_Animation_Demo.dir/Users/xzhu/.pico-sdk/sdk/2.3.1/src/rp2_common/pico_runtime_init/runtime_init_clocks.c.o
LOAD CMakeFiles/VGA_Animation_Demo.dir/Users/xzhu/.pico-sdk/sdk/2.3.1/src/rp2_common/pico_runtime_init/runtime_init_stack_guard.c.o
LOAD CMakeFiles/VGA_Animation_Demo.dir/Users/xzhu/.pico-sdk/sdk/2.3.1/src/rp2_common/pico_bit_ops/bit_ops_aeabi.S.o
LOAD CMakeFiles/VGA_Animation_Demo.dir/Users/xzhu/.pico-sdk/sdk/2.3.1/src/rp2_common/pico_divider/divider_compiler.c.o
LOAD CMakeFiles/VGA_Animation_Demo.dir/Users/xzhu/.pico-sdk/sdk/2.3.1/src/rp2_common/pico_double/double_math.c.o
LOAD CMakeFiles/VGA_Animation_Demo.dir/Users/xzhu/.pico-sdk/sdk/2.3.1/src/rp2_common/pico_double/double_aeabi_dcp.S.o
LOAD CMakeFiles/VGA_Animation_Demo.dir/Users/xzhu/.pico-sdk/sdk/2.3.1/src/rp2_common/pico_double/double_fma_dcp.S.o
LOAD CMakeFiles/VGA_Animation_Demo.dir/Users/xzhu/.pico-sdk/sdk/2.3.1/src/rp2_common/pico_double/double_sci_m33.S.o
LOAD CMakeFiles/VGA_Animation_Demo.dir/Users/xzhu/.pico-sdk/sdk/2.3.1/src/rp2_common/pico_double/double_conv_m33.S.o
LOAD CMakeFiles/VGA_Animation_Demo.dir/Users/xzhu/.pico-sdk/sdk/2.3.1/src/rp2_common/pico_float/float_math.c.o
LOAD CMakeFiles/VGA_Animation_Demo.dir/Users/xzhu/.pico-sdk/sdk/2.3.1/src/rp2_common/pico_float/float_conv32_vfp.S.o
LOAD CMakeFiles/VGA_Animation_Demo.dir/Users/xzhu/.pico-sdk/sdk/2.3.1/src/rp2_common/pico_float/float_common_m33.S.o
LOAD CMakeFiles/VGA_Animation_Demo.dir/Users/xzhu/.pico-sdk/sdk/2.3.1/src/rp2_common/pico_float/float_sci_m33_vfp.S.o
LOAD CMakeFiles/VGA_Animation_Demo.dir/Users/xzhu/.pico-sdk/sdk/2.3.1/src/rp2_common/pico_malloc/malloc.c.o
LOAD CMakeFiles/VGA_Animation_Demo.dir/Users/xzhu/.pico-sdk/sdk/2.3.1/src/rp2_common/pico_atomic/atomic.c.o
LOAD CMakeFiles/VGA_Animation_Demo.dir/Users/xzhu/.pico-sdk/sdk/2.3.1/src/rp2_common/pico_cxx_options/new_delete.cpp.o
LOAD CMakeFiles/VGA_Animation_Demo.dir/Users/xzhu/.pico-sdk/sdk/2.3.1/src/rp2_common/pico_standard_binary_info/standard_binary_info.c.o
LOAD CMakeFiles/VGA_Animation_Demo.dir/Users/xzhu/.pico-sdk/sdk/2.3.1/src/rp2_common/pico_printf/printf.c.o
LOAD CMakeFiles/VGA_Animation_Demo.dir/Users/xzhu/.pico-sdk/sdk/2.3.1/src/rp2_common/pico_crt0/crt0.S.o
LOAD CMakeFiles/VGA_Animation_Demo.dir/Users/xzhu/.pico-sdk/sdk/2.3.1/src/rp2_common/pico_clib_interface/newlib_interface.c.o
LOAD CMakeFiles/VGA_Animation_Demo.dir/Users/xzhu/.pico-sdk/sdk/2.3.1/src/rp2_common/pico_clib_interface/cxa_guard.c.o
LOAD CMakeFiles/VGA_Animation_Demo.dir/Users/xzhu/.pico-sdk/sdk/2.3.1/src/rp2_common/pico_stdio/stdio.c.o
LOAD CMakeFiles/VGA_Animation_Demo.dir/Users/xzhu/.pico-sdk/sdk/2.3.1/src/rp2_common/pico_stdio_uart/stdio_uart.c.o
LOAD CMakeFiles/VGA_Animation_Demo.dir/Users/xzhu/.pico-sdk/sdk/2.3.1/src/rp2_common/pico_thread_local/thread_local.c.o
LOAD CMakeFiles/VGA_Animation_Demo.dir/Users/xzhu/.pico-sdk/sdk/2.3.1/src/rp2_common/pico_multicore/multicore.c.o
LOAD CMakeFiles/VGA_Animation_Demo.dir/Users/xzhu/.pico-sdk/sdk/2.3.1/src/rp2_common/pico_bootsel_via_double_reset/pico_bootsel_via_double_reset.c.o
LOAD CMakeFiles/VGA_Animation_Demo.dir/Users/xzhu/.pico-sdk/sdk/2.3.1/src/rp2_common/hardware_pio/pio.c.o
LOAD CMakeFiles/VGA_Animation_Demo.dir/Users/xzhu/.pico-sdk/sdk/2.3.1/src/rp2_common/hardware_dma/dma.c.o
LOAD CMakeFiles/VGA_Animation_Demo.dir/Users/xzhu/.pico-sdk/sdk/2.3.1/src/rp2_common/hardware_adc/adc.c.o
LOAD CMakeFiles/VGA_Animation_Demo.dir/Users/xzhu/.pico-sdk/sdk/2.3.1/src/rp2_common/hardware_spi/spi.c.o
LOAD pico-sdk/src/rp2350/boot_stage2/CMakeFiles/bs2_default_library.dir/./bs2_default_padded.S.o
LOAD /Users/xzhu/.pico-sdk/toolchain/15_2_Rel1/bin/../lib/gcc/arm-none-eabi/15.2.1/../../../../arm-none-eabi/lib/thumb/v8-m.main+fp/softfp/libstdc++.a
LOAD /Users/xzhu/.pico-sdk/toolchain/15_2_Rel1/bin/../lib/gcc/arm-none-eabi/15.2.1/../../../../arm-none-eabi/lib/thumb/v8-m.main+fp/softfp/libm.a
START GROUP
LOAD /Users/xzhu/.pico-sdk/toolchain/15_2_Rel1/bin/../lib/gcc/arm-none-eabi/15.2.1/thumb/v8-m.main+fp/softfp/libgcc.a
LOAD /Users/xzhu/.pico-sdk/toolchain/15_2_Rel1/bin/../lib/gcc/arm-none-eabi/15.2.1/../../../../arm-none-eabi/lib/thumb/v8-m.main+fp/softfp/libg.a
LOAD /Users/xzhu/.pico-sdk/toolchain/15_2_Rel1/bin/../lib/gcc/arm-none-eabi/15.2.1/../../../../arm-none-eabi/lib/thumb/v8-m.main+fp/softfp/libc.a
END GROUP
                0x20000000                        PROVIDE (RAM_ORIGIN = RAM_ORIGIN_DEFAULT)
                0x00080000                        PROVIDE (RAM_LENGTH = RAM_LENGTH_DEFAULT)
                0x20080000                        PROVIDE (SCRATCH_X_ORIGIN = SCRATCH_X_ORIGIN_DEFAULT)
                0x00001000                        PROVIDE (SCRATCH_X_LENGTH = SCRATCH_X_LENGTH_DEFAULT)
                0x20081000                        PROVIDE (SCRATCH_Y_ORIGIN = SCRATCH_Y_ORIGIN_DEFAULT)
                0x00001000                        PROVIDE (SCRATCH_Y_LENGTH = SCRATCH_Y_LENGTH_DEFAULT)
                0x13ffc000                        PROVIDE (XIP_RAM_ORIGIN = XIP_RAM_ORIGIN_DEFAULT)
                0x00004000                        PROVIDE (XIP_RAM_LENGTH = XIP_RAM_LENGTH_DEFAULT)
                0x20000000                        RAM_ORIGIN = DEFINED (RAM_ORIGIN)?RAM_ORIGIN:RAM_ORIGIN_DEFAULT
                0x00080000                        RAM_LENGTH = DEFINED (RAM_LENGTH)?RAM_LENGTH:RAM_LENGTH_DEFAULT
                0x20080000                        SCRATCH_X_ORIGIN = DEFINED (SCRATCH_X_ORIGIN)?SCRATCH_X_ORIGIN:SCRATCH_X_ORIGIN_DEFAULT
                0x00001000                        SCRATCH_X_LENGTH = DEFINED (SCRATCH_X_LENGTH)?SCRATCH_X_LENGTH:SCRATCH_X_LENGTH_DEFAULT
                0x20081000                        SCRATCH_Y_ORIGIN = DEFINED (SCRATCH_Y_ORIGIN)?SCRATCH_Y_ORIGIN:SCRATCH_Y_ORIGIN_DEFAULT
                0x00001000                        SCRATCH_Y_LENGTH = DEFINED (SCRATCH_Y_LENGTH)?SCRATCH_Y_LENGTH:SCRATCH_Y_LENGTH_DEFAULT
                0x13ffc000                        XIP_RAM_ORIGIN = DEFINED (XIP_RAM_ORIGIN)?XIP_RAM_ORIGIN:XIP_RAM_ORIGIN_DEFAULT
                0x00004000                        XIP_RAM_LENGTH = DEFINED (XIP_RAM_LENGTH)?XIP_RAM_LENGTH:XIP_RAM_LENGTH_DEFAULT

.flash_begin    0x10000000        0x0
                0x10000000                        __flash_binary_start = .

.text           0x10000000     0x5508
                0x10000000                        __logical_binary_start = .
 *(.vectors)
 .vectors       0x10000000      0x124 CMakeFiles/VGA_Animation_Demo.dir/Users/xzhu/.pico-sdk/sdk/2.3.1/src/rp2_common/pico_crt0/crt0.S.o
                0x10000000                __VECTOR_TABLE
                0x10000000                __vectors
                0x10000110                __unhandled_user_irq
                0x10000110                isr_irq49
                0x10000110                isr_irq13
                0x10000110                isr_irq43
                0x10000110                isr_irq45
                0x10000110                isr_irq27
                0x10000110                isr_irq32
                0x10000110                isr_irq31
                0x10000110                isr_irq5
                0x10000110                isr_irq11
                0x10000110                isr_irq23
                0x10000110                isr_usagefault
                0x10000110                isr_irq48
                0x10000110                isr_irq35
                0x10000110                isr_irq18
                0x10000110                isr_irq50
                0x10000110                isr_irq9
                0x10000110                isr_irq30
                0x10000110                isr_irq16
                0x10000110                isr_irq44
                0x10000110                isr_irq29
                0x10000110                isr_irq26
                0x10000110                isr_irq33
                0x10000110                isr_irq3
                0x10000110                isr_irq12
                0x10000110                isr_securefault
                0x10000110                isr_irq40
                0x10000110                isr_irq28
                0x10000110                isr_irq19
                0x10000110                isr_irq36
                0x10000110                isr_irq41
                0x10000110                isr_irq0
                0x10000110                isr_irq6
                0x10000110                isr_memmanage
                0x10000110                isr_irq37
                0x10000110                isr_irq42
                0x10000110                isr_irq22
                0x10000110                isr_irq17
                0x10000110                isr_irq38
                0x10000110                isr_irq14
                0x10000110                __vectors_end
                0x10000110                __default_isrs_start
                0x10000110                isr_irq2
                0x10000110                isr_irq10
                0x10000110                isr_irq8
                0x10000110                isr_debugmonitor
                0x10000110                isr_irq24
                0x10000110                isr_irq46
                0x10000110                isr_irq1
                0x10000110                isr_irq47
                0x10000110                isr_irq51
                0x10000110                isr_irq7
                0x10000110                isr_irq21
                0x10000110                isr_irq39
                0x10000110                isr_irq20
                0x10000110                isr_irq15
                0x10000110                isr_irq25
                0x10000110                isr_irq34
                0x10000110                isr_irq4
                0x10000110                isr_busfault
                0x10000116                unhandled_user_irq_num_in_r0
                0x10000118                isr_invalid
                0x1000011a                isr_nmi
                0x1000011c                isr_hardfault
                0x1000011e                isr_svcall
                0x10000120                isr_pendsv
                0x10000122                isr_systick
                0x10000124                __default_isrs_end
 *(.binary_info_header)
 .binary_info_header
                0x10000124       0x14 CMakeFiles/VGA_Animation_Demo.dir/Users/xzhu/.pico-sdk/sdk/2.3.1/src/rp2_common/pico_crt0/crt0.S.o
                0x10000138                        __binary_info_header_end = .
 *(.embedded_block)
 .embedded_block
                0x10000138       0x14 CMakeFiles/VGA_Animation_Demo.dir/Users/xzhu/.pico-sdk/sdk/2.3.1/src/rp2_common/pico_crt0/crt0.S.o
                0x1000014c                        __embedded_block_end = .
 *(.reset)
 .reset         0x1000014c       0x94 CMakeFiles/VGA_Animation_Demo.dir/Users/xzhu/.pico-sdk/sdk/2.3.1/src/rp2_common/pico_crt0/crt0.S.o
                0x1000014c                _entry_point
 *(.init)
 *libgcc.a:cmse_nonsecure_call.o()
 *(EXCLUDE_FILE(*libm.a: *libgcc.a:) .text*)
 .text.encoder_callback
                0x100001e0       0x3c CMakeFiles/VGA_Animation_Demo.dir/animation.c.o
                0x100001e0                encoder_callback
 .text.protothread_sched.constprop.0.isra.0
                0x1000021c      0x128 CMakeFiles/VGA_Animation_Demo.dir/animation.c.o
 .text.protothread_sched1.constprop.0.isra.0
                0x10000344      0x128 CMakeFiles/VGA_Animation_Demo.dir/animation.c.o
 .text.initAudio
                0x1000046c      0x120 CMakeFiles/VGA_Animation_Demo.dir/animation.c.o
                0x1000046c                initAudio
 .text.checkPegCollision
                0x1000058c      0x238 CMakeFiles/VGA_Animation_Demo.dir/animation.c.o
                0x1000058c                checkPegCollision
 .text.checkScreenEdges
                0x100007c4       0xe0 CMakeFiles/VGA_Animation_Demo.dir/animation.c.o
                0x100007c4                checkScreenEdges
 .text.protothread_display
                0x100008a4      0x150 CMakeFiles/VGA_Animation_Demo.dir/animation.c.o
 .text.startup.main
                0x100009f4      0x118 CMakeFiles/VGA_Animation_Demo.dir/animation.c.o
                0x100009f4                main
 .text.drawHLine.part.0
                0x10000b0c      0x114 CMakeFiles/VGA_Animation_Demo.dir/VGA/vga16_graphics_v3.c.o
 .text.initVGA  0x10000c20      0x304 CMakeFiles/VGA_Animation_Demo.dir/VGA/vga16_graphics_v3.c.o
                0x10000c20                initVGA
 .text.fillCircle
                0x10000f24       0xa4 CMakeFiles/VGA_Animation_Demo.dir/VGA/vga16_graphics_v3.c.o
                0x10000f24                fillCircle
 .text.drawTextAscii
                0x10000fc8      0x200 CMakeFiles/VGA_Animation_Demo.dir/VGA/vga16_graphics_v3.c.o
                0x10000fc8                drawTextAscii
 .text.clearLowFrame
                0x100011c8       0x20 CMakeFiles/VGA_Animation_Demo.dir/VGA/vga16_graphics_v3.c.o
                0x100011c8                clearLowFrame
 .text.draw_start_signal
                0x100011e8       0x14 CMakeFiles/VGA_Animation_Demo.dir/VGA/vga16_graphics_v3.c.o
                0x100011e8                draw_start_signal
 .text.gpio_default_irq_handler
                0x100011fc      0x1cc CMakeFiles/VGA_Animation_Demo.dir/Users/xzhu/.pico-sdk/sdk/2.3.1/src/rp2_common/hardware_gpio/gpio.c.o
 .text.gpio_set_function
                0x100013c8       0x3c CMakeFiles/VGA_Animation_Demo.dir/Users/xzhu/.pico-sdk/sdk/2.3.1/src/rp2_common/hardware_gpio/gpio.c.o
                0x100013c8                gpio_set_function
 .text.gpio_set_pulls
                0x10001404       0x24 CMakeFiles/VGA_Animation_Demo.dir/Users/xzhu/.pico-sdk/sdk/2.3.1/src/rp2_common/hardware_gpio/gpio.c.o
                0x10001404                gpio_set_pulls
 .text.gpio_set_irq_enabled_with_callback
                0x10001428       0xe8 CMakeFiles/VGA_Animation_Demo.dir/Users/xzhu/.pico-sdk/sdk/2.3.1/src/rp2_common/hardware_gpio/gpio.c.o
                0x10001428                gpio_set_irq_enabled_with_callback
 .text.gpio_init
                0x10001510       0x4c CMakeFiles/VGA_Animation_Demo.dir/Users/xzhu/.pico-sdk/sdk/2.3.1/src/rp2_common/hardware_gpio/gpio.c.o
                0x10001510                gpio_init
 .text.panic    0x1000155c       0x30 CMakeFiles/VGA_Animation_Demo.dir/Users/xzhu/.pico-sdk/sdk/2.3.1/src/rp2_common/pico_platform_panic/panic.c.o
                0x1000155c                panic
 .text.hw_claim_lock
                0x1000158c       0x24 CMakeFiles/VGA_Animation_Demo.dir/Users/xzhu/.pico-sdk/sdk/2.3.1/src/common/hardware_claim/claim.c.o
                0x1000158c                hw_claim_lock
 .text.hw_claim_unlock
                0x100015b0       0x14 CMakeFiles/VGA_Animation_Demo.dir/Users/xzhu/.pico-sdk/sdk/2.3.1/src/common/hardware_claim/claim.c.o
                0x100015b0                hw_claim_unlock
 .text.hw_claim_or_assert
                0x100015c4       0x58 CMakeFiles/VGA_Animation_Demo.dir/Users/xzhu/.pico-sdk/sdk/2.3.1/src/common/hardware_claim/claim.c.o
                0x100015c4                hw_claim_or_assert
 .text.hw_claim_unused_from_range
                0x1000161c       0x84 CMakeFiles/VGA_Animation_Demo.dir/Users/xzhu/.pico-sdk/sdk/2.3.1/src/common/hardware_claim/claim.c.o
                0x1000161c                hw_claim_unused_from_range
 .text.next_striped_spin_lock_num
                0x100016a0       0x18 CMakeFiles/VGA_Animation_Demo.dir/Users/xzhu/.pico-sdk/sdk/2.3.1/src/rp2_common/hardware_sync/sync.c.o
                0x100016a0                next_striped_spin_lock_num
 .text.spinlock_set_extexclall
                0x100016b8       0x10 CMakeFiles/VGA_Animation_Demo.dir/Users/xzhu/.pico-sdk/sdk/2.3.1/src/rp2_common/hardware_sync_spin_lock/sync_spin_lock.c.o
 .text.spin_locks_reset
                0x100016c8       0x18 CMakeFiles/VGA_Animation_Demo.dir/Users/xzhu/.pico-sdk/sdk/2.3.1/src/rp2_common/hardware_sync_spin_lock/sync_spin_lock.c.o
                0x100016c8                spin_locks_reset
 .text.runtime_init_per_core_irq_priorities
                0x100016e0       0x40 CMakeFiles/VGA_Animation_Demo.dir/Users/xzhu/.pico-sdk/sdk/2.3.1/src/rp2_common/hardware_irq/irq.c.o
                0x100016e0                runtime_init_per_core_irq_priorities
 .text.irq_set_enabled
                0x10001720       0x2c CMakeFiles/VGA_Animation_Demo.dir/Users/xzhu/.pico-sdk/sdk/2.3.1/src/rp2_common/hardware_irq/irq.c.o
                0x10001720                irq_set_enabled
 .text.irq_set_exclusive_handler
                0x1000174c       0x64 CMakeFiles/VGA_Animation_Demo.dir/Users/xzhu/.pico-sdk/sdk/2.3.1/src/rp2_common/hardware_irq/irq.c.o
                0x1000174c                irq_set_exclusive_handler
 .text.irq_add_shared_handler
                0x100017b0      0x1c4 CMakeFiles/VGA_Animation_Demo.dir/Users/xzhu/.pico-sdk/sdk/2.3.1/src/rp2_common/hardware_irq/irq.c.o
                0x100017b0                irq_add_shared_handler
 .text.irq_remove_handler
                0x10001974      0x1c0 CMakeFiles/VGA_Animation_Demo.dir/Users/xzhu/.pico-sdk/sdk/2.3.1/src/rp2_common/hardware_irq/irq.c.o
                0x10001974                irq_remove_handler
 .text.irq_add_tail_to_free_list
                0x10001b34       0xcc CMakeFiles/VGA_Animation_Demo.dir/Users/xzhu/.pico-sdk/sdk/2.3.1/src/rp2_common/hardware_irq/irq.c.o
                0x10001b34                irq_add_tail_to_free_list
 .text.lock_init
                0x10001c00        0xc CMakeFiles/VGA_Animation_Demo.dir/Users/xzhu/.pico-sdk/sdk/2.3.1/src/common/pico_sync/lock_core.c.o
                0x10001c00                lock_init
 .text.runtime_init_mutex
                0x10001c0c       0x4c CMakeFiles/VGA_Animation_Demo.dir/Users/xzhu/.pico-sdk/sdk/2.3.1/src/common/pico_sync/mutex.c.o
                0x10001c0c                runtime_init_mutex
 .text.sleep_until_callback
                0x10001c58        0x8 CMakeFiles/VGA_Animation_Demo.dir/Users/xzhu/.pico-sdk/sdk/2.3.1/src/common/pico_time/time.c.o
 .text.alarm_pool_irq_handler
                0x10001c60      0x320 CMakeFiles/VGA_Animation_Demo.dir/Users/xzhu/.pico-sdk/sdk/2.3.1/src/common/pico_time/time.c.o
 .text.runtime_init_default_alarm_pool
                0x10001f80       0xec CMakeFiles/VGA_Animation_Demo.dir/Users/xzhu/.pico-sdk/sdk/2.3.1/src/common/pico_time/time.c.o
                0x10001f80                runtime_init_default_alarm_pool
 .text.alarm_pool_add_alarm_at_force_in_context
                0x1000206c       0xcc CMakeFiles/VGA_Animation_Demo.dir/Users/xzhu/.pico-sdk/sdk/2.3.1/src/common/pico_time/time.c.o
                0x1000206c                alarm_pool_add_alarm_at_force_in_context
 .text.alarm_pool_cancel_alarm
                0x10002138       0x84 CMakeFiles/VGA_Animation_Demo.dir/Users/xzhu/.pico-sdk/sdk/2.3.1/src/common/pico_time/time.c.o
                0x10002138                alarm_pool_cancel_alarm
 .text.best_effort_wfe_or_timeout
                0x100021bc      0x114 CMakeFiles/VGA_Animation_Demo.dir/Users/xzhu/.pico-sdk/sdk/2.3.1/src/common/pico_time/time.c.o
                0x100021bc                best_effort_wfe_or_timeout
 .text.timer_hardware_alarm_claim
                0x100022d0       0x24 CMakeFiles/VGA_Animation_Demo.dir/Users/xzhu/.pico-sdk/sdk/2.3.1/src/rp2_common/hardware_timer/timer.c.o
                0x100022d0                timer_hardware_alarm_claim
 .text.timer_time_us_64
                0x100022f4       0x10 CMakeFiles/VGA_Animation_Demo.dir/Users/xzhu/.pico-sdk/sdk/2.3.1/src/rp2_common/hardware_timer/timer.c.o
                0x100022f4                timer_time_us_64
 .text.time_us_64
                0x10002304       0x14 CMakeFiles/VGA_Animation_Demo.dir/Users/xzhu/.pico-sdk/sdk/2.3.1/src/rp2_common/hardware_timer/timer.c.o
                0x10002304                time_us_64
 .text.busy_wait_us
                0x10002318       0x60 CMakeFiles/VGA_Animation_Demo.dir/Users/xzhu/.pico-sdk/sdk/2.3.1/src/rp2_common/hardware_timer/timer.c.o
                0x10002318                busy_wait_us
 .text.uart_init
                0x10002378      0x110 CMakeFiles/VGA_Animation_Demo.dir/Users/xzhu/.pico-sdk/sdk/2.3.1/src/rp2_common/hardware_uart/uart.c.o
                0x10002378                uart_init
 .text.clock_configure_undivided
                0x10002488       0xdc CMakeFiles/VGA_Animation_Demo.dir/Users/xzhu/.pico-sdk/sdk/2.3.1/src/rp2_common/hardware_clocks/clocks.c.o
                0x10002488                clock_configure_undivided
 .text.clock_get_hz
                0x10002564        0xc CMakeFiles/VGA_Animation_Demo.dir/Users/xzhu/.pico-sdk/sdk/2.3.1/src/rp2_common/hardware_clocks/clocks.c.o
                0x10002564                clock_get_hz
 .text.set_sys_clock_pll
                0x10002570      0x188 CMakeFiles/VGA_Animation_Demo.dir/Users/xzhu/.pico-sdk/sdk/2.3.1/src/rp2_common/hardware_clocks/clocks.c.o
                0x10002570                set_sys_clock_pll
 .text.check_sys_clock_khz
                0x100026f8      0x178 CMakeFiles/VGA_Animation_Demo.dir/Users/xzhu/.pico-sdk/sdk/2.3.1/src/rp2_common/hardware_clocks/clocks.c.o
                0x100026f8                check_sys_clock_khz
 .text.pll_init
                0x10002870       0x90 CMakeFiles/VGA_Animation_Demo.dir/Users/xzhu/.pico-sdk/sdk/2.3.1/src/rp2_common/hardware_pll/pll.c.o
                0x10002870                pll_init
 .text.tick_start
                0x10002900       0x18 CMakeFiles/VGA_Animation_Demo.dir/Users/xzhu/.pico-sdk/sdk/2.3.1/src/rp2_common/hardware_ticks/ticks.c.o
                0x10002900                tick_start
 .text.rom_reboot.constprop.0.isra.0
                0x10002918       0x3c CMakeFiles/VGA_Animation_Demo.dir/Users/xzhu/.pico-sdk/sdk/2.3.1/src/rp2_common/pico_bootrom/bootrom.c.o
 .text.rom_func_lookup
                0x10002954       0x18 CMakeFiles/VGA_Animation_Demo.dir/Users/xzhu/.pico-sdk/sdk/2.3.1/src/rp2_common/pico_bootrom/bootrom.c.o
                0x10002954                rom_func_lookup
 .text.rom_reset_usb_boot_extra
                0x1000296c       0x34 CMakeFiles/VGA_Animation_Demo.dir/Users/xzhu/.pico-sdk/sdk/2.3.1/src/rp2_common/pico_bootrom/bootrom.c.o
                0x1000296c                rom_reset_usb_boot_extra
 .text.runtime_init_bootrom_locking_enable
                0x100029a0       0x14 CMakeFiles/VGA_Animation_Demo.dir/Users/xzhu/.pico-sdk/sdk/2.3.1/src/rp2_common/pico_bootrom/bootrom_lock.c.o
                0x100029a0                runtime_init_bootrom_locking_enable
 .text.runtime_init_boot_locks_reset
                0x100029b4       0x1c CMakeFiles/VGA_Animation_Demo.dir/Users/xzhu/.pico-sdk/sdk/2.3.1/src/rp2_common/hardware_boot_lock/boot_lock.c.o
                0x100029b4                runtime_init_boot_locks_reset
 .text.xosc_init
                0x100029d0       0x2c CMakeFiles/VGA_Animation_Demo.dir/Users/xzhu/.pico-sdk/sdk/2.3.1/src/rp2_common/hardware_xosc/xosc.c.o
                0x100029d0                xosc_init
 .text.first_per_core_initializer
                0x100029fc        0x4 CMakeFiles/VGA_Animation_Demo.dir/Users/xzhu/.pico-sdk/sdk/2.3.1/src/rp2_common/pico_runtime/runtime.c.o
 .text.hard_assertion_failure
                0x10002a00        0xc CMakeFiles/VGA_Animation_Demo.dir/Users/xzhu/.pico-sdk/sdk/2.3.1/src/rp2_common/pico_runtime/runtime.c.o
                0x10002a00                hard_assertion_failure
 .text.runtime_run_initializers
                0x10002a0c       0x20 CMakeFiles/VGA_Animation_Demo.dir/Users/xzhu/.pico-sdk/sdk/2.3.1/src/rp2_common/pico_runtime/runtime.c.o
                0x10002a0c                runtime_run_initializers
 .text.runtime_init_early_resets
                0x10002a2c       0x30 CMakeFiles/VGA_Animation_Demo.dir/Users/xzhu/.pico-sdk/sdk/2.3.1/src/rp2_common/pico_runtime_init/runtime_init.c.o
                0x10002a2c                runtime_init_early_resets
 .text.runtime_init_usb_power_down
                0x10002a5c       0x1c CMakeFiles/VGA_Animation_Demo.dir/Users/xzhu/.pico-sdk/sdk/2.3.1/src/rp2_common/pico_runtime_init/runtime_init.c.o
                0x10002a5c                runtime_init_usb_power_down
 .text.runtime_init_per_core_enable_coprocessors
                0x10002a78       0x1c CMakeFiles/VGA_Animation_Demo.dir/Users/xzhu/.pico-sdk/sdk/2.3.1/src/rp2_common/pico_runtime_init/runtime_init.c.o
                0x10002a78                runtime_init_per_core_enable_coprocessors
 .text.runtime_init_post_clock_resets
                0x10002a94       0x20 CMakeFiles/VGA_Animation_Demo.dir/Users/xzhu/.pico-sdk/sdk/2.3.1/src/rp2_common/pico_runtime_init/runtime_init.c.o
                0x10002a94                runtime_init_post_clock_resets
 .text.runtime_init_bootrom_reset
                0x10002ab4       0x14 CMakeFiles/VGA_Animation_Demo.dir/Users/xzhu/.pico-sdk/sdk/2.3.1/src/rp2_common/pico_runtime_init/runtime_init.c.o
                0x10002ab4                runtime_init_bootrom_reset
 .text.runtime_init_per_core_bootrom_reset
                0x10002ac8       0x14 CMakeFiles/VGA_Animation_Demo.dir/Users/xzhu/.pico-sdk/sdk/2.3.1/src/rp2_common/pico_runtime_init/runtime_init.c.o
                0x10002ac8                runtime_init_per_core_bootrom_reset
 .text.runtime_init_spin_locks_reset
                0x10002adc        0x4 CMakeFiles/VGA_Animation_Demo.dir/Users/xzhu/.pico-sdk/sdk/2.3.1/src/rp2_common/pico_runtime_init/runtime_init.c.o
                0x10002adc                runtime_init_spin_locks_reset
 .text.runtime_init_install_ram_vector_table
                0x10002ae0       0x64 CMakeFiles/VGA_Animation_Demo.dir/Users/xzhu/.pico-sdk/sdk/2.3.1/src/rp2_common/pico_runtime_init/runtime_init.c.o
                0x10002ae0                runtime_init_install_ram_vector_table
 .text.runtime_init_clocks
                0x10002b44       0xdc CMakeFiles/VGA_Animation_Demo.dir/Users/xzhu/.pico-sdk/sdk/2.3.1/src/rp2_common/pico_runtime_init/runtime_init_clocks.c.o
                0x10002b44                runtime_init_clocks
 .text.__rp2350_dcp_engaged_state_save_restore
                0x10002c20       0x3a CMakeFiles/VGA_Animation_Demo.dir/Users/xzhu/.pico-sdk/sdk/2.3.1/src/rp2_common/pico_double/double_aeabi_dcp.S.o
 *fill*         0x10002c5a        0x2 
 .text.__wrap___aeabi_dadd
                0x10002c5c       0x28 CMakeFiles/VGA_Animation_Demo.dir/Users/xzhu/.pico-sdk/sdk/2.3.1/src/rp2_common/pico_double/double_aeabi_dcp.S.o
                0x10002c64                __wrap___aeabi_dadd
 .text.__wrap___aeabi_dsub
                0x10002c84       0x28 CMakeFiles/VGA_Animation_Demo.dir/Users/xzhu/.pico-sdk/sdk/2.3.1/src/rp2_common/pico_double/double_aeabi_dcp.S.o
                0x10002c8c                __wrap___aeabi_dsub
 .text.__wrap___aeabi_dmul
                0x10002cac       0x48 CMakeFiles/VGA_Animation_Demo.dir/Users/xzhu/.pico-sdk/sdk/2.3.1/src/rp2_common/pico_double/double_aeabi_dcp.S.o
                0x10002cb4                __wrap___aeabi_dmul
 .text.__wrap___aeabi_ddiv
                0x10002cf4       0x9c CMakeFiles/VGA_Animation_Demo.dir/Users/xzhu/.pico-sdk/sdk/2.3.1/src/rp2_common/pico_double/double_aeabi_dcp.S.o
                0x10002cfc                __wrap___aeabi_ddiv
 .text.__wrap___aeabi_d2f
                0x10002d90       0x1c CMakeFiles/VGA_Animation_Demo.dir/Users/xzhu/.pico-sdk/sdk/2.3.1/src/rp2_common/pico_double/double_aeabi_dcp.S.o
                0x10002d98                double2float
                0x10002d98                __wrap___aeabi_d2f
 .text.__wrap___aeabi_i2d
                0x10002dac       0x24 CMakeFiles/VGA_Animation_Demo.dir/Users/xzhu/.pico-sdk/sdk/2.3.1/src/rp2_common/pico_double/double_aeabi_dcp.S.o
                0x10002db4                __wrap___aeabi_i2d
                0x10002db4                int2double
 .text.__wrap___aeabi_ui2d
                0x10002dd0       0x24 CMakeFiles/VGA_Animation_Demo.dir/Users/xzhu/.pico-sdk/sdk/2.3.1/src/rp2_common/pico_double/double_aeabi_dcp.S.o
                0x10002dd8                __wrap___aeabi_ui2d
                0x10002dd8                uint2double
 .text.__wrap___aeabi_d2iz
                0x10002df4       0x24 CMakeFiles/VGA_Animation_Demo.dir/Users/xzhu/.pico-sdk/sdk/2.3.1/src/rp2_common/pico_double/double_aeabi_dcp.S.o
                0x10002dfc                __wrap___aeabi_d2iz
                0x10002dfc                double2int_z
 .text.__wrap___aeabi_d2uiz
                0x10002e18       0x24 CMakeFiles/VGA_Animation_Demo.dir/Users/xzhu/.pico-sdk/sdk/2.3.1/src/rp2_common/pico_double/double_aeabi_dcp.S.o
                0x10002e20                double2uint_z
                0x10002e20                double2uint
                0x10002e20                __wrap___aeabi_d2uiz
 .text.__wrap___aeabi_dcmpun
                0x10002e3c       0x24 CMakeFiles/VGA_Animation_Demo.dir/Users/xzhu/.pico-sdk/sdk/2.3.1/src/rp2_common/pico_double/double_aeabi_dcp.S.o
                0x10002e44                __wrap___aeabi_dcmpun
 .text.__wrap___aeabi_dcmplt
                0x10002e60       0x28 CMakeFiles/VGA_Animation_Demo.dir/Users/xzhu/.pico-sdk/sdk/2.3.1/src/rp2_common/pico_double/double_aeabi_dcp.S.o
                0x10002e68                __wrap___aeabi_dcmplt
 .text.__wrap___aeabi_dcmple
                0x10002e88       0x28 CMakeFiles/VGA_Animation_Demo.dir/Users/xzhu/.pico-sdk/sdk/2.3.1/src/rp2_common/pico_double/double_aeabi_dcp.S.o
                0x10002e90                __wrap___aeabi_dcmple
 .text.__wrap___aeabi_dcmpge
                0x10002eb0       0x28 CMakeFiles/VGA_Animation_Demo.dir/Users/xzhu/.pico-sdk/sdk/2.3.1/src/rp2_common/pico_double/double_aeabi_dcp.S.o
                0x10002eb8                __wrap___aeabi_dcmpge
 .text.__wrap___aeabi_dcmpgt
                0x10002ed8       0x28 CMakeFiles/VGA_Animation_Demo.dir/Users/xzhu/.pico-sdk/sdk/2.3.1/src/rp2_common/pico_double/double_aeabi_dcp.S.o
                0x10002ee0                __wrap___aeabi_dcmpgt
 .text.frrcore_v
                0x10002f00       0x54 CMakeFiles/VGA_Animation_Demo.dir/Users/xzhu/.pico-sdk/sdk/2.3.1/src/rp2_common/pico_float/float_sci_m33_vfp.S.o
 *fill*         0x10002f54        0x4 
 .text.__wrap_fsin_fcos
                0x10002f58      0x388 CMakeFiles/VGA_Animation_Demo.dir/Users/xzhu/.pico-sdk/sdk/2.3.1/src/rp2_common/pico_float/float_sci_m33_vfp.S.o
                0x10003034                __wrap_sincosf
                0x100030a0                __wrap_sinf
                0x100030a6                __wrap_cosf
 .text._out_buffer
                0x100032e0        0x8 CMakeFiles/VGA_Animation_Demo.dir/Users/xzhu/.pico-sdk/sdk/2.3.1/src/rp2_common/pico_printf/printf.c.o
 .text._out_null
                0x100032e8        0x4 CMakeFiles/VGA_Animation_Demo.dir/Users/xzhu/.pico-sdk/sdk/2.3.1/src/rp2_common/pico_printf/printf.c.o
 .text._out_rev
                0x100032ec       0xa8 CMakeFiles/VGA_Animation_Demo.dir/Users/xzhu/.pico-sdk/sdk/2.3.1/src/rp2_common/pico_printf/printf.c.o
 .text._ntoa_format
                0x10003394      0x1dc CMakeFiles/VGA_Animation_Demo.dir/Users/xzhu/.pico-sdk/sdk/2.3.1/src/rp2_common/pico_printf/printf.c.o
 .text._out_char
                0x10003570        0x8 CMakeFiles/VGA_Animation_Demo.dir/Users/xzhu/.pico-sdk/sdk/2.3.1/src/rp2_common/pico_printf/printf.c.o
 .text._ftoa    0x10003578      0x494 CMakeFiles/VGA_Animation_Demo.dir/Users/xzhu/.pico-sdk/sdk/2.3.1/src/rp2_common/pico_printf/printf.c.o
 *fill*         0x10003a0c        0x4 
 .text._etoa    0x10003a10      0x584 CMakeFiles/VGA_Animation_Demo.dir/Users/xzhu/.pico-sdk/sdk/2.3.1/src/rp2_common/pico_printf/printf.c.o
 .text._vsnprintf
                0x10003f94      0x9d8 CMakeFiles/VGA_Animation_Demo.dir/Users/xzhu/.pico-sdk/sdk/2.3.1/src/rp2_common/pico_printf/printf.c.o
 .text.__wrap_sprintf
                0x1000496c       0x30 CMakeFiles/VGA_Animation_Demo.dir/Users/xzhu/.pico-sdk/sdk/2.3.1/src/rp2_common/pico_printf/printf.c.o
                0x1000496c                __wrap_sprintf
 .text.weak_raw_vprintf
                0x1000499c       0x30 CMakeFiles/VGA_Animation_Demo.dir/Users/xzhu/.pico-sdk/sdk/2.3.1/src/rp2_common/pico_printf/printf.c.o
                0x1000499c                weak_raw_vprintf
 .text._exit    0x100049cc        0x4 CMakeFiles/VGA_Animation_Demo.dir/Users/xzhu/.pico-sdk/sdk/2.3.1/src/rp2_common/pico_clib_interface/newlib_interface.c.o
                0x100049cc                _exit
 .text._fini    0x100049d0        0x4 CMakeFiles/VGA_Animation_Demo.dir/Users/xzhu/.pico-sdk/sdk/2.3.1/src/rp2_common/pico_clib_interface/newlib_interface.c.o
                0x100049d0                _fini
 .text.exit     0x100049d4        0x8 CMakeFiles/VGA_Animation_Demo.dir/Users/xzhu/.pico-sdk/sdk/2.3.1/src/rp2_common/pico_clib_interface/newlib_interface.c.o
                0x100049d4                exit
 .text.runtime_init
                0x100049dc       0x24 CMakeFiles/VGA_Animation_Demo.dir/Users/xzhu/.pico-sdk/sdk/2.3.1/src/rp2_common/pico_clib_interface/newlib_interface.c.o
                0x100049dc                runtime_init
 .text.stdio_out_chars_no_crlf
                0x10004a00        0x8 CMakeFiles/VGA_Animation_Demo.dir/Users/xzhu/.pico-sdk/sdk/2.3.1/src/rp2_common/pico_stdio/stdio.c.o
 .text.stdio_out_chars_crlf
                0x10004a08       0xc0 CMakeFiles/VGA_Animation_Demo.dir/Users/xzhu/.pico-sdk/sdk/2.3.1/src/rp2_common/pico_stdio/stdio.c.o
 .text.stdio_put_string
                0x10004ac8       0xec CMakeFiles/VGA_Animation_Demo.dir/Users/xzhu/.pico-sdk/sdk/2.3.1/src/rp2_common/pico_stdio/stdio.c.o
                0x10004ac8                stdio_put_string
 .text.stdio_set_driver_enabled
                0x10004bb4       0x28 CMakeFiles/VGA_Animation_Demo.dir/Users/xzhu/.pico-sdk/sdk/2.3.1/src/rp2_common/pico_stdio/stdio.c.o
                0x10004bb4                stdio_set_driver_enabled
 .text.stdio_init_all
                0x10004bdc        0xc CMakeFiles/VGA_Animation_Demo.dir/Users/xzhu/.pico-sdk/sdk/2.3.1/src/rp2_common/pico_stdio/stdio.c.o
                0x10004bdc                stdio_init_all
 .text.__wrap_putchar
                0x10004be8       0x84 CMakeFiles/VGA_Animation_Demo.dir/Users/xzhu/.pico-sdk/sdk/2.3.1/src/rp2_common/pico_stdio/stdio.c.o
                0x10004be8                stdio_putchar
                0x10004be8                __wrap_putchar
 .text.__wrap_puts
                0x10004c6c       0x3c CMakeFiles/VGA_Animation_Demo.dir/Users/xzhu/.pico-sdk/sdk/2.3.1/src/rp2_common/pico_stdio/stdio.c.o
                0x10004c6c                __wrap_puts
                0x10004c6c                stdio_puts
 .text.stdio_uart_out_chars
                0x10004ca8       0x54 CMakeFiles/VGA_Animation_Demo.dir/Users/xzhu/.pico-sdk/sdk/2.3.1/src/rp2_common/pico_stdio_uart/stdio_uart.c.o
 .text.stdio_uart_in_chars
                0x10004cfc       0x9c CMakeFiles/VGA_Animation_Demo.dir/Users/xzhu/.pico-sdk/sdk/2.3.1/src/rp2_common/pico_stdio_uart/stdio_uart.c.o
                0x10004cfc                stdio_uart_in_chars
 .text.on_uart_rx
                0x10004d98       0x24 CMakeFiles/VGA_Animation_Demo.dir/Users/xzhu/.pico-sdk/sdk/2.3.1/src/rp2_common/pico_stdio_uart/stdio_uart.c.o
 .text.stdio_uart_out_flush
                0x10004dbc       0x10 CMakeFiles/VGA_Animation_Demo.dir/Users/xzhu/.pico-sdk/sdk/2.3.1/src/rp2_common/pico_stdio_uart/stdio_uart.c.o
 .text.stdio_uart_set_chars_available_callback
                0x10004dcc       0x94 CMakeFiles/VGA_Animation_Demo.dir/Users/xzhu/.pico-sdk/sdk/2.3.1/src/rp2_common/pico_stdio_uart/stdio_uart.c.o
 .text.stdio_uart_init
                0x10004e60       0x54 CMakeFiles/VGA_Animation_Demo.dir/Users/xzhu/.pico-sdk/sdk/2.3.1/src/rp2_common/pico_stdio_uart/stdio_uart.c.o
                0x10004e60                stdio_uart_init
 .text.runtime_init_per_core_tls_setup
                0x10004eb4        0xc CMakeFiles/VGA_Animation_Demo.dir/Users/xzhu/.pico-sdk/sdk/2.3.1/src/rp2_common/pico_thread_local/thread_local.c.o
                0x10004eb4                runtime_init_per_core_tls_setup
 .text.startup.boot_double_tap_check
                0x10004ec0       0x44 CMakeFiles/VGA_Animation_Demo.dir/Users/xzhu/.pico-sdk/sdk/2.3.1/src/rp2_common/pico_bootsel_via_double_reset/pico_bootsel_via_double_reset.c.o
 .text.pio_sm_claim
                0x10004f04       0x48 CMakeFiles/VGA_Animation_Demo.dir/Users/xzhu/.pico-sdk/sdk/2.3.1/src/rp2_common/hardware_pio/pio.c.o
                0x10004f04                pio_sm_claim
 .text.pio_add_program
                0x10004f4c       0xe4 CMakeFiles/VGA_Animation_Demo.dir/Users/xzhu/.pico-sdk/sdk/2.3.1/src/rp2_common/hardware_pio/pio.c.o
                0x10004f4c                pio_add_program
 .text.pio_sm_set_consecutive_pindirs
                0x10005030       0x88 CMakeFiles/VGA_Animation_Demo.dir/Users/xzhu/.pico-sdk/sdk/2.3.1/src/rp2_common/hardware_pio/pio.c.o
                0x10005030                pio_sm_set_consecutive_pindirs
 .text.pio_sm_init
                0x100050b8       0xa8 CMakeFiles/VGA_Animation_Demo.dir/Users/xzhu/.pico-sdk/sdk/2.3.1/src/rp2_common/hardware_pio/pio.c.o
                0x100050b8                pio_sm_init
 .text.dma_claim_unused_channel
                0x10005160       0x24 CMakeFiles/VGA_Animation_Demo.dir/Users/xzhu/.pico-sdk/sdk/2.3.1/src/rp2_common/hardware_dma/dma.c.o
                0x10005160                dma_claim_unused_channel
 .text.spi_init
                0x10005184       0xfc CMakeFiles/VGA_Animation_Demo.dir/Users/xzhu/.pico-sdk/sdk/2.3.1/src/rp2_common/hardware_spi/spi.c.o
                0x10005184                spi_init
 .text.srand    0x10005280       0x10 /Users/xzhu/.pico-sdk/toolchain/15_2_Rel1/bin/../lib/gcc/arm-none-eabi/15.2.1/../../../../arm-none-eabi/lib/thumb/v8-m.main+fp/softfp/libg.a(libc_a-rand.o)
                0x10005280                srand
 .text.rand     0x10005290       0x3c /Users/xzhu/.pico-sdk/toolchain/15_2_Rel1/bin/../lib/gcc/arm-none-eabi/15.2.1/../../../../arm-none-eabi/lib/thumb/v8-m.main+fp/softfp/libg.a(libc_a-rand.o)
                0x10005290                rand
 .text.memset   0x100052cc       0x88 /Users/xzhu/.pico-sdk/toolchain/15_2_Rel1/bin/../lib/gcc/arm-none-eabi/15.2.1/../../../../arm-none-eabi/lib/thumb/v8-m.main+fp/softfp/libg.a(libc_a-memset.o)
                0x100052cc                memset
 .text          0x10005354       0xec /Users/xzhu/.pico-sdk/toolchain/15_2_Rel1/bin/../lib/gcc/arm-none-eabi/15.2.1/../../../../arm-none-eabi/lib/thumb/v8-m.main+fp/softfp/libg.a(libc_a-memcpy.o)
                0x10005354                memcpy
 .text.strlen   0x10005440       0x5c /Users/xzhu/.pico-sdk/toolchain/15_2_Rel1/bin/../lib/gcc/arm-none-eabi/15.2.1/../../../../arm-none-eabi/lib/thumb/v8-m.main+fp/softfp/libg.a(libc_a-strlen-stub.o)
                0x10005440                strlen
 *fill*         0x1000549c        0x4 
 .text.strlen.__stub
                0x100054a0       0x20 linker stubs
 *(.fini)
 *crtbegin.o(.ctors)
 *crtbegin?.o(.ctors)
 *(EXCLUDE_FILE(*crtend.o *crtend?.o) .ctors)
 *(SORT_BY_NAME(.ctors.*))
 *(.ctors)
 *crtbegin.o(.dtors)
 *crtbegin?.o(.dtors)
 *(EXCLUDE_FILE(*crtend.o *crtend?.o) .dtors)
 *(SORT_BY_NAME(.dtors.*))
 *(.dtors)
                0x100054c0                        . = ALIGN (0x4)
                [!provide]                        PROVIDE (__bothinit_array_start = .)
                0x100054c0                        PROVIDE (__preinit_array_start = .)
 *(SORT_BY_NAME(.preinit_array.*))
 .preinit_array.00050
                0x100054c0        0x4 CMakeFiles/VGA_Animation_Demo.dir/Users/xzhu/.pico-sdk/sdk/2.3.1/src/rp2_common/pico_runtime_init/runtime_init.c.o
                0x100054c0                __pre_init_runtime_init_bootrom_reset
 .preinit_array.00100
                0x100054c4        0x4 CMakeFiles/VGA_Animation_Demo.dir/Users/xzhu/.pico-sdk/sdk/2.3.1/src/rp2_common/pico_runtime_init/runtime_init.c.o
                0x100054c4                __pre_init_runtime_init_early_resets
 .preinit_array.00101
                0x100054c8        0x4 CMakeFiles/VGA_Animation_Demo.dir/Users/xzhu/.pico-sdk/sdk/2.3.1/src/rp2_common/pico_runtime_init/runtime_init.c.o
                0x100054c8                __pre_init_runtime_init_usb_power_down
 .preinit_array.00500
                0x100054cc        0x4 CMakeFiles/VGA_Animation_Demo.dir/Users/xzhu/.pico-sdk/sdk/2.3.1/src/rp2_common/pico_runtime_init/runtime_init.c.o
                0x100054cc                __pre_init_runtime_init_clocks
 .preinit_array.00600
                0x100054d0        0x4 CMakeFiles/VGA_Animation_Demo.dir/Users/xzhu/.pico-sdk/sdk/2.3.1/src/rp2_common/pico_runtime_init/runtime_init.c.o
                0x100054d0                __pre_init_runtime_init_post_clock_resets
 .preinit_array.01000
                0x100054d4        0x4 CMakeFiles/VGA_Animation_Demo.dir/Users/xzhu/.pico-sdk/sdk/2.3.1/src/rp2_common/hardware_boot_lock/boot_lock.c.o
                0x100054d4                __pre_init_runtime_init_boot_locks_reset
 .preinit_array.01000
                0x100054d8        0x4 CMakeFiles/VGA_Animation_Demo.dir/Users/xzhu/.pico-sdk/sdk/2.3.1/src/rp2_common/pico_runtime_init/runtime_init.c.o
                0x100054d8                __pre_init_runtime_init_spin_locks_reset
 .preinit_array.01010
                0x100054dc        0x4 CMakeFiles/VGA_Animation_Demo.dir/Users/xzhu/.pico-sdk/sdk/2.3.1/src/rp2_common/pico_bootrom/bootrom_lock.c.o
                0x100054dc                __pre_init_runtime_init_bootrom_locking_enable
 .preinit_array.01100
                0x100054e0        0x4 CMakeFiles/VGA_Animation_Demo.dir/Users/xzhu/.pico-sdk/sdk/2.3.1/src/common/pico_sync/mutex.c.o
                0x100054e0                __pre_init_runtime_init_mutex
 .preinit_array.10080
                0x100054e4        0x4 CMakeFiles/VGA_Animation_Demo.dir/Users/xzhu/.pico-sdk/sdk/2.3.1/src/rp2_common/pico_runtime_init/runtime_init.c.o
                0x100054e4                __pre_init_runtime_init_install_ram_vector_table
 .preinit_array.11000
                0x100054e8        0x4 CMakeFiles/VGA_Animation_Demo.dir/Users/xzhu/.pico-sdk/sdk/2.3.1/src/common/pico_time/time.c.o
                0x100054e8                __pre_init_runtime_init_default_alarm_pool
 .preinit_array.YYYYY
                0x100054ec        0x4 CMakeFiles/VGA_Animation_Demo.dir/Users/xzhu/.pico-sdk/sdk/2.3.1/src/rp2_common/pico_runtime/runtime.c.o
                0x100054ec                __pre_init_first_per_core_initializer
 .preinit_array.ZZZZZ.00051
                0x100054f0        0x4 CMakeFiles/VGA_Animation_Demo.dir/Users/xzhu/.pico-sdk/sdk/2.3.1/src/rp2_common/pico_runtime_init/runtime_init.c.o
                0x100054f0                __pre_init_runtime_init_per_core_bootrom_reset
 .preinit_array.ZZZZZ.00200
                0x100054f4        0x4 CMakeFiles/VGA_Animation_Demo.dir/Users/xzhu/.pico-sdk/sdk/2.3.1/src/rp2_common/pico_runtime_init/runtime_init.c.o
                0x100054f4                __pre_init_runtime_init_per_core_enable_coprocessors
 .preinit_array.ZZZZZ.01000
                0x100054f8        0x4 CMakeFiles/VGA_Animation_Demo.dir/Users/xzhu/.pico-sdk/sdk/2.3.1/src/rp2_common/hardware_sync_spin_lock/sync_spin_lock.c.o
                0x100054f8                __pre_init_spinlock_set_extexclall
 .preinit_array.ZZZZZ.01200
                0x100054fc        0x4 CMakeFiles/VGA_Animation_Demo.dir/Users/xzhu/.pico-sdk/sdk/2.3.1/src/rp2_common/hardware_irq/irq.c.o
                0x100054fc                __pre_init_runtime_init_per_core_irq_priorities
 .preinit_array.ZZZZZ.10060
                0x10005500        0x4 CMakeFiles/VGA_Animation_Demo.dir/Users/xzhu/.pico-sdk/sdk/2.3.1/src/rp2_common/pico_thread_local/thread_local.c.o
                0x10005500                __pre_init_runtime_init_per_core_tls_setup
 *(.preinit_array)
                0x10005504                        PROVIDE (__preinit_array_end = .)
                0x10005504                        . = ALIGN (0x4)
                0x10005504                        PROVIDE (__init_array_start = .)
 *(SORT_BY_NAME(.init_array.*))
 *(.init_array)
 .init_array    0x10005504        0x4 CMakeFiles/VGA_Animation_Demo.dir/Users/xzhu/.pico-sdk/sdk/2.3.1/src/rp2_common/pico_bootsel_via_double_reset/pico_bootsel_via_double_reset.c.o
                0x10005508                        PROVIDE (__init_array_end = .)
                [!provide]                        PROVIDE (__bothinit_array_end = .)
                0x10005508                        . = ALIGN (0x4)
                [!provide]                        PROVIDE (__fini_array_start = .)
 *(SORT_BY_NAME(.fini_array.*))
 *(.fini_array)
                [!provide]                        PROVIDE (__fini_array_end = .)
                [!provide]                        PROVIDE (__dso_handle = 0x0)
 *(.eh_frame*)
                0x10005508                        . = ALIGN (0x4)

.glue_7         0x10005508        0x0
 .glue_7        0x10005508        0x0 linker stubs

.glue_7t        0x10005508        0x0
 .glue_7t       0x10005508        0x0 linker stubs

.vfp11_veneer   0x10005508        0x0
 .vfp11_veneer  0x10005508        0x0 linker stubs

.v4_bx          0x10005508        0x0
 .v4_bx         0x10005508        0x0 linker stubs

.iplt           0x10005508        0x0
 .iplt          0x10005508        0x0 CMakeFiles/VGA_Animation_Demo.dir/animation.c.o

.boot2          0x10005508        0x0
                0x10005508                        __boot2_start__ = .
 *(.boot2)
                0x10005508                        __boot2_end__ = .
                0x00000001                        ASSERT (((__boot2_end__ - __boot2_start__) <= 0x100), ERROR: Pico second stage bootloader must be no more than 256 bytes in size)

.rodata         0x10005508      0x654
 *(EXCLUDE_FILE(*libm.a: *libgcc.a:) .rodata*)
 .rodata.protothread_display.str1.4
                0x10005508      0x1a6 CMakeFiles/VGA_Animation_Demo.dir/animation.c.o
                                  0xc (size before relaxing)
 .rodata.main.str1.4
                0x100056ae        0x0 CMakeFiles/VGA_Animation_Demo.dir/animation.c.o
                                 0x32 (size before relaxing)
 *fill*         0x100056ae        0x2 
 .rodata.asciifont
                0x100056b0      0x380 CMakeFiles/VGA_Animation_Demo.dir/VGA/vga16_graphics_v3.c.o
                0x100056b0                asciifont
 .rodata.rgb_program
                0x10005a30        0x8 CMakeFiles/VGA_Animation_Demo.dir/VGA/vga16_graphics_v3.c.o
 .rodata.rgb_program_instructions
                0x10005a38       0x12 CMakeFiles/VGA_Animation_Demo.dir/VGA/vga16_graphics_v3.c.o
 *fill*         0x10005a4a        0x2 
 .rodata.vsync_program
                0x10005a4c        0x8 CMakeFiles/VGA_Animation_Demo.dir/VGA/vga16_graphics_v3.c.o
 .rodata.vsync_program_instructions
                0x10005a54       0x1c CMakeFiles/VGA_Animation_Demo.dir/VGA/vga16_graphics_v3.c.o
 .rodata.hsync_program
                0x10005a70        0x8 CMakeFiles/VGA_Animation_Demo.dir/VGA/vga16_graphics_v3.c.o
 .rodata.hsync_program_instructions
                0x10005a78       0x12 CMakeFiles/VGA_Animation_Demo.dir/VGA/vga16_graphics_v3.c.o
 .rodata.panic.str1.4
                0x10005a8a        0x0 CMakeFiles/VGA_Animation_Demo.dir/Users/xzhu/.pico-sdk/sdk/2.3.1/src/rp2_common/pico_platform_panic/panic.c.o
                                 0x11 (size before relaxing)
 .rodata.timer_hardware_alarm_claim.str1.4
                0x10005a8a        0x0 CMakeFiles/VGA_Animation_Demo.dir/Users/xzhu/.pico-sdk/sdk/2.3.1/src/rp2_common/hardware_timer/timer.c.o
                                 0x22 (size before relaxing)
 .rodata.hard_assertion_failure.str1.4
                0x10005a8a        0x0 CMakeFiles/VGA_Animation_Demo.dir/Users/xzhu/.pico-sdk/sdk/2.3.1/src/rp2_common/pico_runtime/runtime.c.o
                                  0xc (size before relaxing)
 .rodata.str1.4
                0x10005a8a        0x0 CMakeFiles/VGA_Animation_Demo.dir/Users/xzhu/.pico-sdk/sdk/2.3.1/src/rp2_common/pico_standard_binary_info/standard_binary_info.c.o
                                 0x48 (size before relaxing)
 *fill*         0x10005a8a        0x2 
 .rodata.__bi_84
                0x10005a8c        0xc CMakeFiles/VGA_Animation_Demo.dir/Users/xzhu/.pico-sdk/sdk/2.3.1/src/rp2_common/pico_standard_binary_info/standard_binary_info.c.o
 .rodata.__bi_78
                0x10005a98        0xc CMakeFiles/VGA_Animation_Demo.dir/Users/xzhu/.pico-sdk/sdk/2.3.1/src/rp2_common/pico_standard_binary_info/standard_binary_info.c.o
 .rodata.__bi_54
                0x10005aa4        0xc CMakeFiles/VGA_Animation_Demo.dir/Users/xzhu/.pico-sdk/sdk/2.3.1/src/rp2_common/pico_standard_binary_info/standard_binary_info.c.o
 .rodata.__bi_48
                0x10005ab0        0xc CMakeFiles/VGA_Animation_Demo.dir/Users/xzhu/.pico-sdk/sdk/2.3.1/src/rp2_common/pico_standard_binary_info/standard_binary_info.c.o
 .rodata.__bi_42
                0x10005abc        0xc CMakeFiles/VGA_Animation_Demo.dir/Users/xzhu/.pico-sdk/sdk/2.3.1/src/rp2_common/pico_standard_binary_info/standard_binary_info.c.o
 .rodata.__bi_34
                0x10005ac8        0xc CMakeFiles/VGA_Animation_Demo.dir/Users/xzhu/.pico-sdk/sdk/2.3.1/src/rp2_common/pico_standard_binary_info/standard_binary_info.c.o
 .rodata.__bi_26
                0x10005ad4        0xc CMakeFiles/VGA_Animation_Demo.dir/Users/xzhu/.pico-sdk/sdk/2.3.1/src/rp2_common/pico_standard_binary_info/standard_binary_info.c.o
 .rodata._ftoa.str1.4
                0x10005ae0        0x0 CMakeFiles/VGA_Animation_Demo.dir/Users/xzhu/.pico-sdk/sdk/2.3.1/src/rp2_common/pico_printf/printf.c.o
                                 0x15 (size before relaxing)
 .rodata.pow10.0
                0x10005ae0       0x50 CMakeFiles/VGA_Animation_Demo.dir/Users/xzhu/.pico-sdk/sdk/2.3.1/src/rp2_common/pico_printf/printf.c.o
 .rodata.crlf_str.0
                0x10005b30        0x2 CMakeFiles/VGA_Animation_Demo.dir/Users/xzhu/.pico-sdk/sdk/2.3.1/src/rp2_common/pico_stdio/stdio.c.o
 .rodata.str1.4
                0x10005b32        0x0 CMakeFiles/VGA_Animation_Demo.dir/Users/xzhu/.pico-sdk/sdk/2.3.1/src/rp2_common/pico_stdio_uart/stdio_uart.c.o
                                 0x2c (size before relaxing)
 *fill*         0x10005b32        0x2 
 .rodata.__bi_45.4
                0x10005b34        0xc CMakeFiles/VGA_Animation_Demo.dir/Users/xzhu/.pico-sdk/sdk/2.3.1/src/rp2_common/pico_stdio_uart/stdio_uart.c.o
 .rodata.__bi_49.5
                0x10005b40        0x8 CMakeFiles/VGA_Animation_Demo.dir/Users/xzhu/.pico-sdk/sdk/2.3.1/src/rp2_common/pico_stdio_uart/stdio_uart.c.o
 .rodata.__bi_50.6
                0x10005b48        0x8 CMakeFiles/VGA_Animation_Demo.dir/Users/xzhu/.pico-sdk/sdk/2.3.1/src/rp2_common/pico_stdio_uart/stdio_uart.c.o
 .rodata.str1.4
                0x10005b50        0x0 CMakeFiles/VGA_Animation_Demo.dir/Users/xzhu/.pico-sdk/sdk/2.3.1/src/rp2_common/pico_bootsel_via_double_reset/pico_bootsel_via_double_reset.c.o
                                 0x18 (size before relaxing)
 .rodata.__bi_50
                0x10005b50        0xc CMakeFiles/VGA_Animation_Demo.dir/Users/xzhu/.pico-sdk/sdk/2.3.1/src/rp2_common/pico_bootsel_via_double_reset/pico_bootsel_via_double_reset.c.o
 .rodata.pio_sm_claim.str1.4
                0x10005b5c        0x0 CMakeFiles/VGA_Animation_Demo.dir/Users/xzhu/.pico-sdk/sdk/2.3.1/src/rp2_common/hardware_pio/pio.c.o
                                 0x62 (size before relaxing)
 .rodata.dma_claim_unused_channel.str1.4
                0x10005b5c        0x0 CMakeFiles/VGA_Animation_Demo.dir/Users/xzhu/.pico-sdk/sdk/2.3.1/src/rp2_common/hardware_dma/dma.c.o
                                 0x1e (size before relaxing)
 *(.srodata*)
                0x10005b5c                        . = ALIGN (0x4)
 *(SORT_BY_ALIGNMENT(SORT_BY_NAME(.flashdata*)))
                0x10005b5c                        . = ALIGN (0x4)

.ARM.extab
 *(.ARM.extab* .gnu.linkonce.armextab.*)
                0x10005b5c                        __exidx_start = .

.ARM.exidx      0x10005b5c        0x8
 *(.ARM.exidx* .gnu.linkonce.armexidx.*)
 .ARM.exidx     0x10005b5c        0x8 /Users/xzhu/.pico-sdk/toolchain/15_2_Rel1/bin/../lib/gcc/arm-none-eabi/15.2.1/../../../../arm-none-eabi/lib/thumb/v8-m.main+fp/softfp/libg.a(libc_a-memcpy.o)
 .ARM.exidx.text.__udivmoddi4
                0x10005b64        0x0 /Users/xzhu/.pico-sdk/toolchain/15_2_Rel1/bin/../lib/gcc/arm-none-eabi/15.2.1/thumb/v8-m.main+fp/softfp/libgcc.a(_udivmoddi4.o)
                                  0x8 (size before relaxing)
                0x10005b64                        __exidx_end = .
                0x10005b64                        . = ALIGN (0x4)
                0x10005b64                        __binary_info_start = .

.binary_info    0x10005b64       0x2c
 *(.binary_info.keep.*)
 .binary_info.keep.__bi_ptr84
                0x10005b64        0x4 CMakeFiles/VGA_Animation_Demo.dir/Users/xzhu/.pico-sdk/sdk/2.3.1/src/rp2_common/pico_standard_binary_info/standard_binary_info.c.o
 .binary_info.keep.__bi_ptr78
                0x10005b68        0x4 CMakeFiles/VGA_Animation_Demo.dir/Users/xzhu/.pico-sdk/sdk/2.3.1/src/rp2_common/pico_standard_binary_info/standard_binary_info.c.o
 .binary_info.keep.__bi_ptr54
                0x10005b6c        0x4 CMakeFiles/VGA_Animation_Demo.dir/Users/xzhu/.pico-sdk/sdk/2.3.1/src/rp2_common/pico_standard_binary_info/standard_binary_info.c.o
 .binary_info.keep.__bi_ptr48
                0x10005b70        0x4 CMakeFiles/VGA_Animation_Demo.dir/Users/xzhu/.pico-sdk/sdk/2.3.1/src/rp2_common/pico_standard_binary_info/standard_binary_info.c.o
 .binary_info.keep.__bi_ptr42
                0x10005b74        0x4 CMakeFiles/VGA_Animation_Demo.dir/Users/xzhu/.pico-sdk/sdk/2.3.1/src/rp2_common/pico_standard_binary_info/standard_binary_info.c.o
 .binary_info.keep.__bi_ptr34
                0x10005b78        0x4 CMakeFiles/VGA_Animation_Demo.dir/Users/xzhu/.pico-sdk/sdk/2.3.1/src/rp2_common/pico_standard_binary_info/standard_binary_info.c.o
 .binary_info.keep.__bi_ptr26
                0x10005b7c        0x4 CMakeFiles/VGA_Animation_Demo.dir/Users/xzhu/.pico-sdk/sdk/2.3.1/src/rp2_common/pico_standard_binary_info/standard_binary_info.c.o
 .binary_info.keep.__bi_ptr50
                0x10005b80        0x4 CMakeFiles/VGA_Animation_Demo.dir/Users/xzhu/.pico-sdk/sdk/2.3.1/src/rp2_common/pico_bootsel_via_double_reset/pico_bootsel_via_double_reset.c.o
 *(.binary_info.*)
 .binary_info.__bi_ptr50
                0x10005b84        0x4 CMakeFiles/VGA_Animation_Demo.dir/Users/xzhu/.pico-sdk/sdk/2.3.1/src/rp2_common/pico_stdio_uart/stdio_uart.c.o
 .binary_info.__bi_ptr49
                0x10005b88        0x4 CMakeFiles/VGA_Animation_Demo.dir/Users/xzhu/.pico-sdk/sdk/2.3.1/src/rp2_common/pico_stdio_uart/stdio_uart.c.o
 .binary_info.__bi_ptr45
                0x10005b8c        0x4 CMakeFiles/VGA_Animation_Demo.dir/Users/xzhu/.pico-sdk/sdk/2.3.1/src/rp2_common/pico_stdio_uart/stdio_uart.c.o
                0x10005b90                        __binary_info_end = .
                0x10005b90                        . = ALIGN (0x4)

.psram_load     0x11000000        0x0 load address 0x10005b90
                0x11000000                        __psram_start__ = .
                0x11000000                        __psram_load_start__ = .
 *(SORT_BY_NAME(.psram_initialised.*))
                0x11000000                        . = ALIGN (0x4)
                0x11000000                        __psram_load_end__ = .
                0x10005b90                        __psram_load_source__ = LOADADDR (.psram_load)

.psram_noload   0x11000000        0x0 load address 0x10005b90
 *(SORT_BY_NAME(.psram_uninitialised.*))
                0x11000000                        . = ALIGN (0x4)
                0x11000000                        __psram_end__ = .

.xip_ram        0x13ffc000        0x0 load address 0x10005b90
                0x13ffc000                        __xip_ram_start__ = .
                0x13ffc000                        . = ALIGN (0x4)
 *(.xip_ram*)
                0x13ffc000                        . = ALIGN (0x4)
                0x13ffc000                        __xip_ram_end__ = .
                0x10005b90                        __xip_ram_source__ = LOADADDR (.xip_ram)

.ram_vector_table
                0x20000000      0x110
 *(.ram_vector_table)
 .ram_vector_table
                0x20000000      0x110 CMakeFiles/VGA_Animation_Demo.dir/Users/xzhu/.pico-sdk/sdk/2.3.1/src/rp2_common/pico_runtime_init/runtime_init.c.o
                0x20000000                ram_vector_table

.uninitialized_data
                0x20000110        0x0
                0x20000110                        . = ALIGN (0x4)
 *(.uninitialized_data*)

.data           0x20000110      0xad8 load address 0x10005b90
                0x20000110                        __data_start__ = .
 *(vtable)
 *(.time_critical*)
 .time_critical.mutex_enter_block_until
                0x20000110       0x98 CMakeFiles/VGA_Animation_Demo.dir/Users/xzhu/.pico-sdk/sdk/2.3.1/src/common/pico_sync/mutex.c.o
                0x20000110                mutex_enter_block_until
 .time_critical.mutex_try_enter_block_until
                0x200001a8       0x68 CMakeFiles/VGA_Animation_Demo.dir/Users/xzhu/.pico-sdk/sdk/2.3.1/src/common/pico_sync/mutex.c.o
                0x200001a8                mutex_try_enter_block_until
 .time_critical.mutex_exit
                0x20000210       0x48 CMakeFiles/VGA_Animation_Demo.dir/Users/xzhu/.pico-sdk/sdk/2.3.1/src/common/pico_sync/mutex.c.o
                0x20000210                mutex_exit
 *(.text*)
 .text          0x20000258      0x378 /Users/xzhu/.pico-sdk/toolchain/15_2_Rel1/bin/../lib/gcc/arm-none-eabi/15.2.1/thumb/v8-m.main+fp/softfp/libgcc.a(_arm_addsubdf3.o)
                0x20000258                __aeabi_drsub
                0x20000260                __subdf3
                0x20000260                __aeabi_dsub
                0x20000264                __aeabi_dadd
                0x20000264                __adddf3
                0x200004dc                __aeabi_ui2d
                0x200004dc                __floatunsidf
                0x200004fc                __floatsidf
                0x200004fc                __aeabi_i2d
                0x20000520                __extendsfdf2
                0x20000520                __aeabi_f2d
                0x20000564                __aeabi_ul2d
                0x20000564                __floatundidf
                0x20000574                __aeabi_l2d
                0x20000574                __floatdidf
 .text          0x200005d0       0x30 /Users/xzhu/.pico-sdk/toolchain/15_2_Rel1/bin/../lib/gcc/arm-none-eabi/15.2.1/thumb/v8-m.main+fp/softfp/libgcc.a(_aeabi_uldivmod.o)
                0x200005d0                __aeabi_uldivmod
 .text.__udivmoddi4
                0x20000600      0x340 /Users/xzhu/.pico-sdk/toolchain/15_2_Rel1/bin/../lib/gcc/arm-none-eabi/15.2.1/thumb/v8-m.main+fp/softfp/libgcc.a(_udivmoddi4.o)
                0x20000600                __udivmoddi4
 .text          0x20000940        0x4 /Users/xzhu/.pico-sdk/toolchain/15_2_Rel1/bin/../lib/gcc/arm-none-eabi/15.2.1/thumb/v8-m.main+fp/softfp/libgcc.a(_dvmd_tls.o)
                0x20000940                __aeabi_ldiv0
                0x20000940                __aeabi_idiv0
 *fill*         0x20000944        0x4 
 .text.__stub   0x20000948        0x8 linker stubs
                0x20000950                        . = ALIGN (0x4)
 *(.rodata*)
                0x20000950                        . = ALIGN (0x4)
                [!provide]                        PROVIDE (__emutls_array_start = .)
 *(.*.__emutls_v.*)
                [!provide]                        PROVIDE (__emutls_array_end = .)
                0x20000950                        . = ALIGN (0x4)
 *(.data*)
 .data.pointer_vga_buffer_1
                0x20000950        0x4 CMakeFiles/VGA_Animation_Demo.dir/VGA/vga16_graphics_v3.c.o
                0x20000950                pointer_vga_buffer_1
 .data.pointer_vga_buffer_0
                0x20000954        0x4 CMakeFiles/VGA_Animation_Demo.dir/VGA/vga16_graphics_v3.c.o
                0x20000954                pointer_vga_buffer_0
 .data.striped_spin_lock_num
                0x20000958        0x1 CMakeFiles/VGA_Animation_Demo.dir/Users/xzhu/.pico-sdk/sdk/2.3.1/src/rp2_common/hardware_sync/sync.c.o
 *fill*         0x20000959        0x3 
 .data          0x2000095c       0x48 CMakeFiles/VGA_Animation_Demo.dir/Users/xzhu/.pico-sdk/sdk/2.3.1/src/rp2_common/hardware_irq/irq_handler_chain.S.o
                0x2000095c                irq_handler_chain_slots
                0x2000098c                irq_handler_chain_first_slot
                0x20000996                irq_handler_chain_remove_tail
 .data.default_alarm_pool
                0x200009a4       0x18 CMakeFiles/VGA_Animation_Demo.dir/Users/xzhu/.pico-sdk/sdk/2.3.1/src/common/pico_time/time.c.o
 .data.stdio_uart
                0x200009bc       0x18 CMakeFiles/VGA_Animation_Demo.dir/Users/xzhu/.pico-sdk/sdk/2.3.1/src/rp2_common/pico_stdio_uart/stdio_uart.c.o
                0x200009bc                stdio_uart
 .data._impure_ptr
                0x200009d4        0x4 /Users/xzhu/.pico-sdk/toolchain/15_2_Rel1/bin/../lib/gcc/arm-none-eabi/15.2.1/../../../../arm-none-eabi/lib/thumb/v8-m.main+fp/softfp/libg.a(libc_a-impure.o)
                0x200009d4                _impure_ptr
 *fill*         0x200009d8        0x0 
 .data._impure_data
                0x200009d8      0x200 /Users/xzhu/.pico-sdk/toolchain/15_2_Rel1/bin/../lib/gcc/arm-none-eabi/15.2.1/../../../../arm-none-eabi/lib/thumb/v8-m.main+fp/softfp/libg.a(libc_a-impure.o)
                0x200009d8                _impure_data
 *(.sdata*)
 *(.got)
 *(.got.*)
                0x20000bd8                        . = ALIGN (0x4)
 *(.after_data.*)
                0x20000bd8                        . = ALIGN (0x4)
                0x20000bd8                        PROVIDE (__mutex_array_start = .)
 *(SORT_BY_NAME(.mutex_array.*))
 *(.mutex_array)
 .mutex_array   0x20000bd8        0x8 CMakeFiles/VGA_Animation_Demo.dir/Users/xzhu/.pico-sdk/sdk/2.3.1/src/rp2_common/pico_malloc/malloc.c.o
 .mutex_array   0x20000be0        0x8 CMakeFiles/VGA_Animation_Demo.dir/Users/xzhu/.pico-sdk/sdk/2.3.1/src/rp2_common/pico_stdio/stdio.c.o
                0x20000be8                        PROVIDE (__mutex_array_end = .)
 *(.jcr)
                0x20000be8                        . = ALIGN (0x4)

.igot.plt       0x20000be8        0x0 load address 0x10006668
 .igot.plt      0x20000be8        0x0 CMakeFiles/VGA_Animation_Demo.dir/animation.c.o

.tdata          0x20000be8        0x0 load address 0x10006668
                0x20000be8                        . = ALIGN (0x4)
 *(.tdata .tdata.* .gnu.linkonce.td.*)
                0x20000be8                        __tdata_end = .
                0x20000be8                        PROVIDE (__data_end__ = .)
                0x10005b90                        __etext = LOADADDR (.data)
                0x20000be8                        . = ALIGN (0x4)

.tbss           0x20000be8        0x0 load address 0x10006668
                0x20000be8                        __bss_start__ = .
                0x20000be8                        __tls_base = .
 *(.tbss .tbss.* .gnu.linkonce.tb.*)
 *(.tcommon)
                0x20000be8                        . = ALIGN (0x4)
                0x20000be8                        __tls_end = .

.tbss_space     0x20000be8        0x0 load address 0x10006668
                0x20000be8                        . = (__bss_start__ + SIZEOF (.tbss))

.bss            0x20000bf0    0x4c60c load address 0x10006668
                0x20000bf0                        . = ALIGN (0x4)
                0x20000bf0                        __tbss_end = .
 *(SORT_BY_ALIGNMENT(SORT_BY_NAME(.bss*)))
 .bss.draw_buffer
                0x20000bf0       0x10 CMakeFiles/VGA_Animation_Demo.dir/VGA/vga16_graphics_v3.c.o
                0x20000bf0                draw_buffer
 .bss.pointer_display_buffer
                0x20000c00       0x10 CMakeFiles/VGA_Animation_Demo.dir/VGA/vga16_graphics_v3.c.o
                0x20000c00                pointer_display_buffer
 .bss.start_flag_array
                0x20000c10       0x10 CMakeFiles/VGA_Animation_Demo.dir/VGA/vga16_graphics_v3.c.o
                0x20000c10                start_flag_array
 .bss.default_alarm_pool_entries
                0x20000c20      0x180 CMakeFiles/VGA_Animation_Demo.dir/Users/xzhu/.pico-sdk/sdk/2.3.1/src/common/pico_time/time.c.o
 .bss.sched_thread_time
                0x20000da0       0x50 CMakeFiles/VGA_Animation_Demo.dir/animation.c.o
                0x20000da0                sched_thread_time
 .bss.sched_thread_time1
                0x20000df0       0x50 CMakeFiles/VGA_Animation_Demo.dir/animation.c.o
                0x20000df0                sched_thread_time1
 .bss.thread_time
                0x20000e40        0x8 CMakeFiles/VGA_Animation_Demo.dir/animation.c.o
                0x20000e40                thread_time
 .bss.thread_time1
                0x20000e48        0x8 CMakeFiles/VGA_Animation_Demo.dir/animation.c.o
                0x20000e48                thread_time1
 .bss.__sf      0x20000e50      0x138 /Users/xzhu/.pico-sdk/toolchain/15_2_Rel1/bin/../lib/gcc/arm-none-eabi/15.2.1/../../../../arm-none-eabi/lib/thumb/v8-m.main+fp/softfp/libg.a(libc_a-findfp.o)
                0x20000e50                __sf
 .bss.__tls_adjusted_by_core
                0x20000f88        0x8 CMakeFiles/VGA_Animation_Demo.dir/Users/xzhu/.pico-sdk/sdk/2.3.1/src/rp2_common/pico_thread_local/thread_local.c.o
 .bss._sw_spin_locks
                0x20000f90       0x20 CMakeFiles/VGA_Animation_Demo.dir/Users/xzhu/.pico-sdk/sdk/2.3.1/src/rp2_common/hardware_sync_spin_lock/sync_spin_lock.c.o
                0x20000f90                _sw_spin_locks
 .bss._used_instruction_space
                0x20000fb0        0xc CMakeFiles/VGA_Animation_Demo.dir/Users/xzhu/.pico-sdk/sdk/2.3.1/src/rp2_common/hardware_pio/pio.c.o
 .bss.audio_dma_chan
                0x20000fbc        0x4 CMakeFiles/VGA_Animation_Demo.dir/animation.c.o
                0x20000fbc                audio_dma_chan
 .bss.ball_vx   0x20000fc0        0x4 CMakeFiles/VGA_Animation_Demo.dir/animation.c.o
                0x20000fc0                ball_vx
 .bss.ball_vy   0x20000fc4        0x4 CMakeFiles/VGA_Animation_Demo.dir/animation.c.o
                0x20000fc4                ball_vy
 .bss.ball_x    0x20000fc8        0x4 CMakeFiles/VGA_Animation_Demo.dir/animation.c.o
                0x20000fc8                ball_x
 .bss.ball_y    0x20000fcc        0x4 CMakeFiles/VGA_Animation_Demo.dir/animation.c.o
                0x20000fcc                ball_y
 .bss.buffer_type
                0x20000fd0        0x4 CMakeFiles/VGA_Animation_Demo.dir/VGA/vga16_graphics_v3.c.o
                0x20000fd0                buffer_type
 .bss.callbacks
                0x20000fd4        0x8 CMakeFiles/VGA_Animation_Demo.dir/Users/xzhu/.pico-sdk/sdk/2.3.1/src/rp2_common/hardware_gpio/gpio.c.o
 .bss.chars_available_callback
                0x20000fdc        0x4 CMakeFiles/VGA_Animation_Demo.dir/Users/xzhu/.pico-sdk/sdk/2.3.1/src/rp2_common/pico_stdio_uart/stdio_uart.c.o
 .bss.chars_available_param
                0x20000fe0        0x4 CMakeFiles/VGA_Animation_Demo.dir/Users/xzhu/.pico-sdk/sdk/2.3.1/src/rp2_common/pico_stdio_uart/stdio_uart.c.o
 .bss.claimed   0x20000fe4        0x2 CMakeFiles/VGA_Animation_Demo.dir/Users/xzhu/.pico-sdk/sdk/2.3.1/src/rp2_common/hardware_timer/timer.c.o
 *fill*         0x20000fe6        0x2 
 .bss.claimed   0x20000fe8        0x2 CMakeFiles/VGA_Animation_Demo.dir/Users/xzhu/.pico-sdk/sdk/2.3.1/src/rp2_common/hardware_pio/pio.c.o
 *fill*         0x20000fea        0x2 
 .bss.configured_freq
                0x20000fec       0x28 CMakeFiles/VGA_Animation_Demo.dir/Users/xzhu/.pico-sdk/sdk/2.3.1/src/rp2_common/hardware_clocks/clocks.c.o
 .bss.current_draw_buffer
                0x20001014        0x4 CMakeFiles/VGA_Animation_Demo.dir/VGA/vga16_graphics_v3.c.o
                0x20001014                current_draw_buffer
 .bss.drivers   0x20001018        0x4 CMakeFiles/VGA_Animation_Demo.dir/Users/xzhu/.pico-sdk/sdk/2.3.1/src/rp2_common/pico_stdio/stdio.c.o
 .bss.encoder_count
                0x2000101c        0x4 CMakeFiles/VGA_Animation_Demo.dir/animation.c.o
                0x2000101c                encoder_count
 .bss.encoder_text.2
                0x20001020       0x28 CMakeFiles/VGA_Animation_Demo.dir/animation.c.o
 .bss.filter    0x20001048        0x4 CMakeFiles/VGA_Animation_Demo.dir/Users/xzhu/.pico-sdk/sdk/2.3.1/src/rp2_common/pico_stdio/stdio.c.o
 .bss.i.0       0x2000104c        0x4 CMakeFiles/VGA_Animation_Demo.dir/animation.c.o
 .bss.i.1       0x20001050        0x4 CMakeFiles/VGA_Animation_Demo.dir/animation.c.o
 .bss.last_encoder_time
                0x20001054        0x4 CMakeFiles/VGA_Animation_Demo.dir/animation.c.o
                0x20001054                last_encoder_time
 .bss.lazy_vsnprintf
                0x20001058        0x4 CMakeFiles/VGA_Animation_Demo.dir/Users/xzhu/.pico-sdk/sdk/2.3.1/src/rp2_common/pico_printf/printf.c.o
 .bss.pools     0x2000105c       0x20 CMakeFiles/VGA_Animation_Demo.dir/Users/xzhu/.pico-sdk/sdk/2.3.1/src/common/pico_time/time.c.o
 .bss.pt_executed
                0x2000107c        0x4 CMakeFiles/VGA_Animation_Demo.dir/animation.c.o
                0x2000107c                pt_executed
 .bss.pt_executed1
                0x20001080        0x4 CMakeFiles/VGA_Animation_Demo.dir/animation.c.o
                0x20001080                pt_executed1
 .bss.pt_sched  0x20001084        0x4 CMakeFiles/VGA_Animation_Demo.dir/animation.c.o
 .bss.pt_sched1
                0x20001088        0x4 CMakeFiles/VGA_Animation_Demo.dir/animation.c.o
 .bss.pt_sched_method
                0x2000108c        0x4 CMakeFiles/VGA_Animation_Demo.dir/animation.c.o
                0x2000108c                pt_sched_method
 .bss.pt_task_count
                0x20001090        0x4 CMakeFiles/VGA_Animation_Demo.dir/animation.c.o
                0x20001090                pt_task_count
 .bss.pt_task_count1
                0x20001094        0x4 CMakeFiles/VGA_Animation_Demo.dir/animation.c.o
                0x20001094                pt_task_count1
 .bss.pt_thread_list
                0x20001098       0x78 CMakeFiles/VGA_Animation_Demo.dir/animation.c.o
 .bss.pt_thread_list1
                0x20001110       0x78 CMakeFiles/VGA_Animation_Demo.dir/animation.c.o
 .bss.raw_irq_mask
                0x20001188        0x8 CMakeFiles/VGA_Animation_Demo.dir/Users/xzhu/.pico-sdk/sdk/2.3.1/src/rp2_common/hardware_gpio/gpio.c.o
 .bss.sched_count
                0x20001190        0x4 CMakeFiles/VGA_Animation_Demo.dir/animation.c.o
                0x20001190                sched_count
 .bss.sched_count1
                0x20001194        0x4 CMakeFiles/VGA_Animation_Demo.dir/animation.c.o
                0x20001194                sched_count1
 .bss.sched_thread_stats
                0x20001198       0x28 CMakeFiles/VGA_Animation_Demo.dir/animation.c.o
                0x20001198                sched_thread_stats
 .bss.sched_thread_stats1
                0x200011c0       0x28 CMakeFiles/VGA_Animation_Demo.dir/animation.c.o
                0x200011c0                sched_thread_stats1
 .bss.sound_buffer
                0x200011e8     0x1000 CMakeFiles/VGA_Animation_Demo.dir/animation.c.o
                0x200011e8                sound_buffer
 .bss.start_flag
                0x200021e8        0x4 CMakeFiles/VGA_Animation_Demo.dir/VGA/vga16_graphics_v3.c.o
                0x200021e8                start_flag
 .bss.uart_char_to_line_feed
                0x200021ec        0x4 CMakeFiles/VGA_Animation_Demo.dir/Users/xzhu/.pico-sdk/sdk/2.3.1/src/rp2_common/hardware_uart/uart.c.o
                0x200021ec                uart_char_to_line_feed
 .bss.uart_instance
                0x200021f0        0x4 CMakeFiles/VGA_Animation_Demo.dir/Users/xzhu/.pico-sdk/sdk/2.3.1/src/rp2_common/pico_stdio_uart/stdio_uart.c.o
 .bss.vga_buffer_0
                0x200021f4    0x25800 CMakeFiles/VGA_Animation_Demo.dir/VGA/vga16_graphics_v3.c.o
                0x200021f4                vga_buffer_0
 .bss.vga_buffer_1
                0x200279f4    0x25800 CMakeFiles/VGA_Animation_Demo.dir/VGA/vga16_graphics_v3.c.o
                0x200279f4                vga_buffer_1
 .bss._claimed  0x2004d1f4        0x2 CMakeFiles/VGA_Animation_Demo.dir/Users/xzhu/.pico-sdk/sdk/2.3.1/src/rp2_common/hardware_dma/dma.c.o
 .bss.irq_handler_chain_free_slot_head
                0x2004d1f6        0x1 CMakeFiles/VGA_Animation_Demo.dir/Users/xzhu/.pico-sdk/sdk/2.3.1/src/rp2_common/hardware_irq/irq.c.o
 .bss.lock_internal_notify_count
                0x2004d1f7        0x1 CMakeFiles/VGA_Animation_Demo.dir/Users/xzhu/.pico-sdk/sdk/2.3.1/src/common/pico_sync/lock_core.c.o
                0x2004d1f7                lock_internal_notify_count
 .bss.touching_peg
                0x2004d1f8        0x1 CMakeFiles/VGA_Animation_Demo.dir/animation.c.o
                0x2004d1f8                touching_peg
 *(COMMON)
                [!provide]                        PROVIDE (__global_pointer$ = (. + 0x800))
 *(.sbss*)
                0x2004d1fc                        . = ALIGN (0x4)
 *fill*         0x2004d1f9        0x3 
                0x2004d1fc                        __bss_end__ = .
                [!provide]                        PROVIDE (__tls_start = SIZEOF (.tdata)?ADDR (.tdata):ADDR (.tbss))
                [!provide]                        PROVIDE (__tls_size = (__tls_end - __tls_start))
                0x00000001                        PROVIDE (__tls_align = MAX (ALIGNOF (.tdata), ALIGNOF (.tbss)))
                [!provide]                        PROVIDE (__tls_size_align = ALIGN (__tls_size, __tls_align))
                0x00000008                        PROVIDE (__arm32_tls_tcb_offset = MAX (0x8, __tls_align))
                0x00000000                        PROVIDE (__tdata_size = SIZEOF (.tdata))
                0x10006668                        PROVIDE (__tdata_source = LOADADDR (.tdata))
                0x00000000                        PROVIDE (__tbss_size = SIZEOF (.tbss))
                [!provide]                        PROVIDE (__tbss_offset = (ADDR (.tbss) - __tls_start))

.tlsX_not_needed_marker
 *(.tlsX_not_needed_marker)
                [!provide]                        PROVIDE (__tlsX_align = (SIZEOF (.tlsX_not_needed_marker) > 0x0)?0x4:__tls_align)
                [!provide]                        PROVIDE (__tlsX_size_align = (SIZEOF (.tlsX_not_needed_marker) > 0x0)?0x0:__tls_size_align)
                0x20000be8                        __tls_start = DEFINED (__tls_start)?__tls_start:SIZEOF (.tdata)?ADDR (.tdata):ADDR (.tbss)
                0x00000000                        __tls_size = DEFINED (__tls_size)?__tls_size:(__tls_end - __tls_start)
                0x00000001                        __tls_align = DEFINED (__tls_align)?__tls_align:MAX (ALIGNOF (.tdata), ALIGNOF (.tbss))
                0x00000000                        __tls_size_align = DEFINED (__tls_size_align)?__tls_size_align:ALIGN (__tls_size, __tls_align)
                0x00000008                        __arm32_tls_tcb_offset = DEFINED (__arm32_tls_tcb_offset)?__arm32_tls_tcb_offset:MAX (0x8, __tls_align)
                0x00000000                        __tdata_size = DEFINED (__tdata_size)?__tdata_size:SIZEOF (.tdata)
                0x10006668                        __tdata_source = DEFINED (__tdata_source)?__tdata_source:LOADADDR (.tdata)
                0x00000000                        __tbss_size = DEFINED (__tbss_size)?__tbss_size:SIZEOF (.tbss)
                0x00000000                        __tbss_offset = DEFINED (__tbss_offset)?__tbss_offset:(ADDR (.tbss) - __tls_start)
                0x00000001                        __tlsX_align = DEFINED (__tlsX_align)?__tlsX_align:(SIZEOF (.tlsX_not_needed_marker) > 0x0)?0x4:__tls_align
                0x00000000                        __tlsX_size_align = DEFINED (__tlsX_size_align)?__tlsX_size_align:(SIZEOF (.tlsX_not_needed_marker) > 0x0)?0x0:__tls_size_align

.tls0           0x2004d1fc        0x0 load address 0x10006668
                0x2004d1fc                        . = ALIGN (__tlsX_align)
                0x2004d1fc                        PROVIDE (__tls0_base = .)
                0x2004d1fc                        . = (. + __tlsX_size_align)

.tls1           0x2004d1fc        0x0 load address 0x10006668
                0x2004d1fc                        . = ALIGN (__tlsX_align)
                0x2004d1fc                        PROVIDE (__tls1_base = .)
                0x2004d1fc                        . = (. + __tlsX_size_align)

.persistent_data
                0x2004d1fc        0x0 load address 0x10006668
                0x2004d1fc                        __persistent_data_start__ = .
 *(.persistent_data*)
                0x2004d1fc                        . = ALIGN (0x4)
                [!provide]                        PROVIDE (__persistent_data_end__ = .)

.dummy_pre_heap
                0x2004d1fc        0x0 load address 0x10006668
                0x2004d1fc                        . = .

.heap           0x2004d1fc      0x800
                0x2004d1fc                        __end__ = .
                0x2004d1fc                        end = __end__
 *(.heap*)
 .heap          0x2004d1fc      0x800 CMakeFiles/VGA_Animation_Demo.dir/Users/xzhu/.pico-sdk/sdk/2.3.1/src/rp2_common/pico_crt0/crt0.S.o
                0x20080000                        __HeapLimit = DEFINED (HEAP_LIMIT)?HEAP_LIMIT:(ORIGIN (RAM) + LENGTH (RAM))

.scratch_x      0x20080000        0x0 load address 0x10006668
                0x20080000                        __scratch_x_start__ = .
 *(.scratch_x.*)
                0x20080000                        . = ALIGN (0x4)
                0x20080000                        __scratch_x_end__ = .
                0x10006668                        __scratch_x_source__ = LOADADDR (.scratch_x)

.scratch_y      0x20081000        0x0 load address 0x10006668
                0x20081000                        __scratch_y_start__ = .
 *(.scratch_y.*)
                0x20081000                        . = ALIGN (0x4)
                0x20081000                        __scratch_y_end__ = .
                0x10006668                        __scratch_y_source__ = LOADADDR (.scratch_y)

.stack1_dummy   0x20080000      0x800
 *(.stack1*)
 .stack1        0x20080000      0x800 CMakeFiles/VGA_Animation_Demo.dir/Users/xzhu/.pico-sdk/sdk/2.3.1/src/rp2_common/pico_multicore/multicore.c.o

.stack_dummy    0x20081000      0x800
 *(.stack*)
 .stack         0x20081000      0x800 CMakeFiles/VGA_Animation_Demo.dir/Users/xzhu/.pico-sdk/sdk/2.3.1/src/rp2_common/pico_crt0/crt0.S.o

.flash_end      0x10006668       0x14
 *(.embedded_end_block*)
 .embedded_end_block
                0x10006668       0x14 CMakeFiles/VGA_Animation_Demo.dir/Users/xzhu/.pico-sdk/sdk/2.3.1/src/rp2_common/pico_crt0/crt0.S.o
                0x1000667c                        PROVIDE (__flash_binary_end = .)
                0x20080000                        __StackLimit = (ORIGIN (RAM) + LENGTH (RAM))
                0x20081000                        __StackOneTop = (ORIGIN (SCRATCH_X) + LENGTH (SCRATCH_X))
                0x20082000                        __StackTop = (ORIGIN (SCRATCH_Y) + LENGTH (SCRATCH_Y))
                0x20080800                        __StackOneBottom = (__StackOneTop - SIZEOF (.stack1_dummy))
                0x20081800                        __StackBottom = (__StackTop - SIZEOF (.stack_dummy))
                [!provide]                        PROVIDE (__stack = __StackTop)
                [!provide]                        PROVIDE (__heap_start = __end__)
                [!provide]                        PROVIDE (__heap_end = __HeapLimit)
                0x00000001                        PROVIDE (__tls_align = MAX (ALIGNOF (.tdata), ALIGNOF (.tbss)))
                [!provide]                        PROVIDE (__tls_size_align = (((__tls_size + __tls_align) - 0x1) & ~ ((__tls_align - 0x1))))
                0x00000008                        PROVIDE (__arm32_tls_tcb_offset = MAX (0x8, __tls_align))
                [!provide]                        PROVIDE (_end = __end__)
                [!provide]                        PROVIDE (__llvm_libc_heap_limit = __HeapLimit)
                0x00000001                        ASSERT ((__StackLimit >= __HeapLimit), region RAM overflowed)
                0x00000001                        ASSERT (((__binary_info_header_end - __logical_binary_start) <= 0x400), Binary info must be in first 1024 bytes of the binary)
                0x00000001                        ASSERT (((__embedded_block_end - __logical_binary_start) <= 0x1000), Embedded block must be in first 4096 bytes of the binary)
OUTPUT(VGA_Animation_Demo.elf elf32-littlearm)
LOAD linker stubs

.rel.dyn        0x1000667c        0x0
 .rel.iplt      0x1000667c        0x0 CMakeFiles/VGA_Animation_Demo.dir/animation.c.o

.debug_info     0x00000000    0x34da9
 .debug_info    0x00000000     0x3492 CMakeFiles/VGA_Animation_Demo.dir/animation.c.o
 .debug_info    0x00003492     0x8532 CMakeFiles/VGA_Animation_Demo.dir/VGA/vga16_graphics_v3.c.o
 .debug_info    0x0000b9c4     0x2363 CMakeFiles/VGA_Animation_Demo.dir/Users/xzhu/.pico-sdk/sdk/2.3.1/src/rp2_common/hardware_gpio/gpio.c.o
 .debug_info    0x0000dd27      0x1c4 CMakeFiles/VGA_Animation_Demo.dir/Users/xzhu/.pico-sdk/sdk/2.3.1/src/rp2_common/pico_platform_panic/panic.c.o
 .debug_info    0x0000deeb      0xb40 CMakeFiles/VGA_Animation_Demo.dir/Users/xzhu/.pico-sdk/sdk/2.3.1/src/common/hardware_claim/claim.c.o
 .debug_info    0x0000ea2b      0x474 CMakeFiles/VGA_Animation_Demo.dir/Users/xzhu/.pico-sdk/sdk/2.3.1/src/rp2_common/hardware_sync/sync.c.o
 .debug_info    0x0000ee9f     0x1381 CMakeFiles/VGA_Animation_Demo.dir/Users/xzhu/.pico-sdk/sdk/2.3.1/src/rp2_common/hardware_sync_spin_lock/sync_spin_lock.c.o
 .debug_info    0x00010220     0x269f CMakeFiles/VGA_Animation_Demo.dir/Users/xzhu/.pico-sdk/sdk/2.3.1/src/rp2_common/hardware_irq/irq.c.o
 .debug_info    0x000128bf      0x2f7 CMakeFiles/VGA_Animation_Demo.dir/Users/xzhu/.pico-sdk/sdk/2.3.1/src/common/pico_sync/lock_core.c.o
 .debug_info    0x00012bb6     0x2091 CMakeFiles/VGA_Animation_Demo.dir/Users/xzhu/.pico-sdk/sdk/2.3.1/src/common/pico_sync/mutex.c.o
 .debug_info    0x00014c47     0x4fd6 CMakeFiles/VGA_Animation_Demo.dir/Users/xzhu/.pico-sdk/sdk/2.3.1/src/common/pico_time/time.c.o
 .debug_info    0x00019c1d     0x2fd1 CMakeFiles/VGA_Animation_Demo.dir/Users/xzhu/.pico-sdk/sdk/2.3.1/src/rp2_common/hardware_timer/timer.c.o
 .debug_info    0x0001cbee     0x1b63 CMakeFiles/VGA_Animation_Demo.dir/Users/xzhu/.pico-sdk/sdk/2.3.1/src/rp2_common/hardware_uart/uart.c.o
 .debug_info    0x0001e751     0x2dfa CMakeFiles/VGA_Animation_Demo.dir/Users/xzhu/.pico-sdk/sdk/2.3.1/src/rp2_common/hardware_clocks/clocks.c.o
 .debug_info    0x0002154b      0x51c CMakeFiles/VGA_Animation_Demo.dir/Users/xzhu/.pico-sdk/sdk/2.3.1/src/rp2_common/hardware_pll/pll.c.o
 .debug_info    0x00021a67      0x271 CMakeFiles/VGA_Animation_Demo.dir/Users/xzhu/.pico-sdk/sdk/2.3.1/src/rp2_common/hardware_ticks/ticks.c.o
 .debug_info    0x00021cd8     0x10fb CMakeFiles/VGA_Animation_Demo.dir/Users/xzhu/.pico-sdk/sdk/2.3.1/src/rp2_common/pico_bootrom/bootrom.c.o
 .debug_info    0x00022dd3      0x1c9 CMakeFiles/VGA_Animation_Demo.dir/Users/xzhu/.pico-sdk/sdk/2.3.1/src/rp2_common/pico_bootrom/bootrom_lock.c.o
 .debug_info    0x00022f9c      0x31b CMakeFiles/VGA_Animation_Demo.dir/Users/xzhu/.pico-sdk/sdk/2.3.1/src/rp2_common/hardware_boot_lock/boot_lock.c.o
 .debug_info    0x000232b7      0x1b6 CMakeFiles/VGA_Animation_Demo.dir/Users/xzhu/.pico-sdk/sdk/2.3.1/src/rp2_common/hardware_xosc/xosc.c.o
 .debug_info    0x0002346d      0x213 CMakeFiles/VGA_Animation_Demo.dir/Users/xzhu/.pico-sdk/sdk/2.3.1/src/rp2_common/pico_runtime/runtime.c.o
 .debug_info    0x00023680     0x1b66 CMakeFiles/VGA_Animation_Demo.dir/Users/xzhu/.pico-sdk/sdk/2.3.1/src/rp2_common/pico_runtime_init/runtime_init.c.o
 .debug_info    0x000251e6      0x7cc CMakeFiles/VGA_Animation_Demo.dir/Users/xzhu/.pico-sdk/sdk/2.3.1/src/rp2_common/pico_runtime_init/runtime_init_clocks.c.o
 .debug_info    0x000259b2       0x23 CMakeFiles/VGA_Animation_Demo.dir/Users/xzhu/.pico-sdk/sdk/2.3.1/src/rp2_common/pico_double/double_aeabi_dcp.S.o
 .debug_info    0x000259d5       0x23 CMakeFiles/VGA_Animation_Demo.dir/Users/xzhu/.pico-sdk/sdk/2.3.1/src/rp2_common/pico_float/float_sci_m33_vfp.S.o
 .debug_info    0x000259f8      0x6c6 CMakeFiles/VGA_Animation_Demo.dir/Users/xzhu/.pico-sdk/sdk/2.3.1/src/rp2_common/pico_malloc/malloc.c.o
 .debug_info    0x000260be      0x2b1 CMakeFiles/VGA_Animation_Demo.dir/Users/xzhu/.pico-sdk/sdk/2.3.1/src/rp2_common/pico_standard_binary_info/standard_binary_info.c.o
 .debug_info    0x0002636f     0x22ce CMakeFiles/VGA_Animation_Demo.dir/Users/xzhu/.pico-sdk/sdk/2.3.1/src/rp2_common/pico_printf/printf.c.o
 .debug_info    0x0002863d       0x23 CMakeFiles/VGA_Animation_Demo.dir/Users/xzhu/.pico-sdk/sdk/2.3.1/src/rp2_common/pico_crt0/crt0.S.o
 .debug_info    0x00028660      0xc17 CMakeFiles/VGA_Animation_Demo.dir/Users/xzhu/.pico-sdk/sdk/2.3.1/src/rp2_common/pico_clib_interface/newlib_interface.c.o
 .debug_info    0x00029277     0x1e45 CMakeFiles/VGA_Animation_Demo.dir/Users/xzhu/.pico-sdk/sdk/2.3.1/src/rp2_common/pico_stdio/stdio.c.o
 .debug_info    0x0002b0bc     0x19b0 CMakeFiles/VGA_Animation_Demo.dir/Users/xzhu/.pico-sdk/sdk/2.3.1/src/rp2_common/pico_stdio_uart/stdio_uart.c.o
 .debug_info    0x0002ca6c      0x4a7 CMakeFiles/VGA_Animation_Demo.dir/Users/xzhu/.pico-sdk/sdk/2.3.1/src/rp2_common/pico_thread_local/thread_local.c.o
 .debug_info    0x0002cf13     0x2890 CMakeFiles/VGA_Animation_Demo.dir/Users/xzhu/.pico-sdk/sdk/2.3.1/src/rp2_common/pico_multicore/multicore.c.o
 .debug_info    0x0002f7a3      0x601 CMakeFiles/VGA_Animation_Demo.dir/Users/xzhu/.pico-sdk/sdk/2.3.1/src/rp2_common/pico_bootsel_via_double_reset/pico_bootsel_via_double_reset.c.o
 .debug_info    0x0002fda4     0x3278 CMakeFiles/VGA_Animation_Demo.dir/Users/xzhu/.pico-sdk/sdk/2.3.1/src/rp2_common/hardware_pio/pio.c.o
 .debug_info    0x0003301c      0xb61 CMakeFiles/VGA_Animation_Demo.dir/Users/xzhu/.pico-sdk/sdk/2.3.1/src/rp2_common/hardware_dma/dma.c.o
 .debug_info    0x00033b7d     0x122c CMakeFiles/VGA_Animation_Demo.dir/Users/xzhu/.pico-sdk/sdk/2.3.1/src/rp2_common/hardware_spi/spi.c.o

.debug_abbrev   0x00000000     0x7dba
 .debug_abbrev  0x00000000      0x6cf CMakeFiles/VGA_Animation_Demo.dir/animation.c.o
 .debug_abbrev  0x000006cf      0x653 CMakeFiles/VGA_Animation_Demo.dir/VGA/vga16_graphics_v3.c.o
 .debug_abbrev  0x00000d22      0x52c CMakeFiles/VGA_Animation_Demo.dir/Users/xzhu/.pico-sdk/sdk/2.3.1/src/rp2_common/hardware_gpio/gpio.c.o
 .debug_abbrev  0x0000124e      0x131 CMakeFiles/VGA_Animation_Demo.dir/Users/xzhu/.pico-sdk/sdk/2.3.1/src/rp2_common/pico_platform_panic/panic.c.o
 .debug_abbrev  0x0000137f      0x35f CMakeFiles/VGA_Animation_Demo.dir/Users/xzhu/.pico-sdk/sdk/2.3.1/src/common/hardware_claim/claim.c.o
 .debug_abbrev  0x000016de      0x238 CMakeFiles/VGA_Animation_Demo.dir/Users/xzhu/.pico-sdk/sdk/2.3.1/src/rp2_common/hardware_sync/sync.c.o
 .debug_abbrev  0x00001916      0x27a CMakeFiles/VGA_Animation_Demo.dir/Users/xzhu/.pico-sdk/sdk/2.3.1/src/rp2_common/hardware_sync_spin_lock/sync_spin_lock.c.o
 .debug_abbrev  0x00001b90      0x62e CMakeFiles/VGA_Animation_Demo.dir/Users/xzhu/.pico-sdk/sdk/2.3.1/src/rp2_common/hardware_irq/irq.c.o
 .debug_abbrev  0x000021be      0x15e CMakeFiles/VGA_Animation_Demo.dir/Users/xzhu/.pico-sdk/sdk/2.3.1/src/common/pico_sync/lock_core.c.o
 .debug_abbrev  0x0000231c      0x4d9 CMakeFiles/VGA_Animation_Demo.dir/Users/xzhu/.pico-sdk/sdk/2.3.1/src/common/pico_sync/mutex.c.o
 .debug_abbrev  0x000027f5      0x660 CMakeFiles/VGA_Animation_Demo.dir/Users/xzhu/.pico-sdk/sdk/2.3.1/src/common/pico_time/time.c.o
 .debug_abbrev  0x00002e55      0x50d CMakeFiles/VGA_Animation_Demo.dir/Users/xzhu/.pico-sdk/sdk/2.3.1/src/rp2_common/hardware_timer/timer.c.o
 .debug_abbrev  0x00003362      0x363 CMakeFiles/VGA_Animation_Demo.dir/Users/xzhu/.pico-sdk/sdk/2.3.1/src/rp2_common/hardware_uart/uart.c.o
 .debug_abbrev  0x000036c5      0x58f CMakeFiles/VGA_Animation_Demo.dir/Users/xzhu/.pico-sdk/sdk/2.3.1/src/rp2_common/hardware_clocks/clocks.c.o
 .debug_abbrev  0x00003c54      0x19d CMakeFiles/VGA_Animation_Demo.dir/Users/xzhu/.pico-sdk/sdk/2.3.1/src/rp2_common/hardware_pll/pll.c.o
 .debug_abbrev  0x00003df1      0x14c CMakeFiles/VGA_Animation_Demo.dir/Users/xzhu/.pico-sdk/sdk/2.3.1/src/rp2_common/hardware_ticks/ticks.c.o
 .debug_abbrev  0x00003f3d      0x482 CMakeFiles/VGA_Animation_Demo.dir/Users/xzhu/.pico-sdk/sdk/2.3.1/src/rp2_common/pico_bootrom/bootrom.c.o
 .debug_abbrev  0x000043bf      0x101 CMakeFiles/VGA_Animation_Demo.dir/Users/xzhu/.pico-sdk/sdk/2.3.1/src/rp2_common/pico_bootrom/bootrom_lock.c.o
 .debug_abbrev  0x000044c0      0x1e4 CMakeFiles/VGA_Animation_Demo.dir/Users/xzhu/.pico-sdk/sdk/2.3.1/src/rp2_common/hardware_boot_lock/boot_lock.c.o
 .debug_abbrev  0x000046a4      0x10f CMakeFiles/VGA_Animation_Demo.dir/Users/xzhu/.pico-sdk/sdk/2.3.1/src/rp2_common/hardware_xosc/xosc.c.o